Component: ARM Compiler 5.06 update 6 (build 750) Tool: armlink [4d35ed]

==============================================================================

Section Cross References

    startup_stm32h743xx.o(RESET) refers to startup_stm32h743xx.o(STACK) for __initial_sp
    startup_stm32h743xx.o(RESET) refers to startup_stm32h743xx.o(.text) for Reset_Handler
    startup_stm32h743xx.o(RESET) refers to stm32h7xx_it.o(i.NMI_Handler) for NMI_Handler
    startup_stm32h743xx.o(RESET) refers to stm32h7xx_it.o(i.HardFault_Handler) for HardFault_Handler
    startup_stm32h743xx.o(RESET) refers to stm32h7xx_it.o(i.MemManage_Handler) for MemManage_Handler
    startup_stm32h743xx.o(RESET) refers to stm32h7xx_it.o(i.BusFault_Handler) for BusFault_Handler
    startup_stm32h743xx.o(RESET) refers to stm32h7xx_it.o(i.UsageFault_Handler) for UsageFault_Handler
    startup_stm32h743xx.o(RESET) refers to stm32h7xx_it.o(i.SVC_Handler) for SVC_Handler
    startup_stm32h743xx.o(RESET) refers to stm32h7xx_it.o(i.DebugMon_Handler) for DebugMon_Handler
    startup_stm32h743xx.o(RESET) refers to stm32h7xx_it.o(i.PendSV_Handler) for PendSV_Handler
    startup_stm32h743xx.o(RESET) refers to stm32h7xx_it.o(i.SysTick_Handler) for SysTick_Handler
    startup_stm32h743xx.o(RESET) refers to stm32h7xx_it.o(i.DMA1_Stream0_IRQHandler) for DMA1_Stream0_IRQHandler
    startup_stm32h743xx.o(RESET) refers to stm32h7xx_it.o(i.ADC_IRQHandler) for ADC_IRQHandler
    startup_stm32h743xx.o(RESET) refers to stm32h7xx_it.o(i.USART1_IRQHandler) for USART1_IRQHandler
    startup_stm32h743xx.o(.text) refers to system_stm32h7xx.o(i.ExitRun0Mode) for ExitRun0Mode
    startup_stm32h743xx.o(.text) refers to system_stm32h7xx.o(i.SystemInit) for SystemInit
    startup_stm32h743xx.o(.text) refers to entry.o(.ARM.Collect$$$$00000000) for __main
    main.o(i.HAL_ADC_ConvCpltCallback) refers to stm32h7xx_hal_tim.o(i.HAL_TIM_Base_Stop) for HAL_TIM_Base_Stop
    main.o(i.HAL_ADC_ConvCpltCallback) refers to tim.o(.bss) for htim6
    main.o(i.HAL_ADC_ConvCpltCallback) refers to main.o(.data) for adc_cpltflag
    main.o(i.HAL_UART_RxCpltCallback) refers to stm32h7xx_hal_uart.o(i.HAL_UART_Receive_IT) for HAL_UART_Receive_IT
    main.o(i.HAL_UART_RxCpltCallback) refers to usart.o(.bss) for huart1
    main.o(i.HAL_UART_RxCpltCallback) refers to main.o(.data) for rx_data
    main.o(i.MPU_Config) refers to stm32h7xx_hal_cortex.o(i.HAL_MPU_Disable) for HAL_MPU_Disable
    main.o(i.MPU_Config) refers to stm32h7xx_hal_cortex.o(i.HAL_MPU_ConfigRegion) for HAL_MPU_ConfigRegion
    main.o(i.MPU_Config) refers to stm32h7xx_hal_cortex.o(i.HAL_MPU_Enable) for HAL_MPU_Enable
    main.o(i.SystemClock_Config) refers to memseta.o(.text) for __aeabi_memclr4
    main.o(i.SystemClock_Config) refers to stm32h7xx_hal_pwr_ex.o(i.HAL_PWREx_ConfigSupply) for HAL_PWREx_ConfigSupply
    main.o(i.SystemClock_Config) refers to stm32h7xx_hal_rcc.o(i.HAL_RCC_OscConfig) for HAL_RCC_OscConfig
    main.o(i.SystemClock_Config) refers to main.o(i.Error_Handler) for Error_Handler
    main.o(i.SystemClock_Config) refers to stm32h7xx_hal_rcc.o(i.HAL_RCC_ClockConfig) for HAL_RCC_ClockConfig
    main.o(i.main) refers to main.o(i.MPU_Config) for MPU_Config
    main.o(i.main) refers to stm32h7xx_hal.o(i.HAL_Init) for HAL_Init
    main.o(i.main) refers to main.o(i.SystemClock_Config) for SystemClock_Config
    main.o(i.main) refers to gpio.o(i.MX_GPIO_Init) for MX_GPIO_Init
    main.o(i.main) refers to dma.o(i.MX_DMA_Init) for MX_DMA_Init
    main.o(i.main) refers to adc.o(i.MX_ADC1_Init) for MX_ADC1_Init
    main.o(i.main) refers to tim.o(i.MX_TIM6_Init) for MX_TIM6_Init
    main.o(i.main) refers to usart.o(i.MX_USART1_UART_Init) for MX_USART1_UART_Init
    main.o(i.main) refers to window.o(i.Hanning_Win) for Hanning_Win
    main.o(i.main) refers to stm32h7xx_hal_uart.o(i.HAL_UART_Receive_IT) for HAL_UART_Receive_IT
    main.o(i.main) refers to stm32h7xx_hal_adc_ex.o(i.HAL_ADCEx_Calibration_Start) for HAL_ADCEx_Calibration_Start
    main.o(i.main) refers to stm32h7xx_hal.o(i.HAL_Delay) for HAL_Delay
    main.o(i.main) refers to printfa.o(i.__0printf) for __2printf
    main.o(i.main) refers to fft_handle.o(i.adc1_tim6_getdata_4M) for adc1_tim6_getdata_4M
    main.o(i.main) refers to cfft_f32.o(i.FFT_Calcular_win) for FFT_Calcular_win
    main.o(i.main) refers to fft_handle.o(i.baseFreq_index) for baseFreq_index
    main.o(i.main) refers to fft_handle.o(i.waveindex_get) for waveindex_get
    main.o(i.main) refers to fft_handle.o(i.value_peak_corr) for value_peak_corr
    main.o(i.main) refers to malloc.o(i.malloc) for malloc
    main.o(i.main) refers to qsort.o(.text) for qsort
    main.o(i.main) refers to judge.o(i.analyzeWavePeaks) for analyzeWavePeaks
    main.o(i.main) refers to malloc.o(i.free) for free
    main.o(i.main) refers to main.o(.bss) for Window
    main.o(i.main) refers to main.o(.data) for rx_data
    main.o(i.main) refers to usart.o(.bss) for huart1
    main.o(i.main) refers to adc.o(.bss) for hadc1
[...]
    LL_ADC_IsDisableOngoing                  0x0800891b   Thumb Code    10  stm32h7xx_hal_adc.o(i.LL_ADC_IsDisableOngoing)
    i.LL_ADC_IsEnabled                       0x08008924   Section        0  stm32h7xx_hal_adc.o(i.LL_ADC_IsEnabled)
    LL_ADC_IsEnabled                         0x08008925   Thumb Code    10  stm32h7xx_hal_adc.o(i.LL_ADC_IsEnabled)
    i.LL_ADC_IsEnabled                       0x0800892e   Section        0  stm32h7xx_hal_adc_ex.o(i.LL_ADC_IsEnabled)
    LL_ADC_IsEnabled                         0x0800892f   Thumb Code    10  stm32h7xx_hal_adc_ex.o(i.LL_ADC_IsEnabled)
    i.LL_ADC_IsInternalRegulatorEnabled      0x08008938   Section        0  stm32h7xx_hal_adc.o(i.LL_ADC_IsInternalRegulatorEnabled)
    LL_ADC_IsInternalRegulatorEnabled        0x08008939   Thumb Code    10  stm32h7xx_hal_adc.o(i.LL_ADC_IsInternalRegulatorEnabled)
    i.LL_ADC_REG_IsConversionOngoing         0x08008942   Section        0  stm32h7xx_hal_adc.o(i.LL_ADC_REG_IsConversionOngoing)
    LL_ADC_REG_IsConversionOngoing           0x08008943   Thumb Code    10  stm32h7xx_hal_adc.o(i.LL_ADC_REG_IsConversionOngoing)
    i.LL_ADC_REG_IsConversionOngoing         0x0800894c   Section        0  stm32h7xx_hal_adc_ex.o(i.LL_ADC_REG_IsConversionOngoing)
    LL_ADC_REG_IsConversionOngoing           0x0800894d   Thumb Code    10  stm32h7xx_hal_adc_ex.o(i.LL_ADC_REG_IsConversionOngoing)
    i.LL_ADC_REG_IsTriggerSourceSWStart      0x08008956   Section        0  stm32h7xx_hal_adc.o(i.LL_ADC_REG_IsTriggerSourceSWStart)
    LL_ADC_REG_IsTriggerSourceSWStart        0x08008957   Thumb Code    18  stm32h7xx_hal_adc.o(i.LL_ADC_REG_IsTriggerSourceSWStart)
    i.LL_ADC_REG_StartConversion             0x08008968   Section        0  stm32h7xx_hal_adc.o(i.LL_ADC_REG_StartConversion)
    LL_ADC_REG_StartConversion               0x08008969   Thumb Code    12  stm32h7xx_hal_adc.o(i.LL_ADC_REG_StartConversion)
    i.LL_ADC_SetCommonPathInternalCh         0x08008978   Section        0  stm32h7xx_hal_adc.o(i.LL_ADC_SetCommonPathInternalCh)
    LL_ADC_SetCommonPathInternalCh           0x08008979   Thumb Code    12  stm32h7xx_hal_adc.o(i.LL_ADC_SetCommonPathInternalCh)
    i.MPU_Config                             0x08008984   Section        0  main.o(i.MPU_Config)
    MPU_Config                               0x08008985   Thumb Code    86  main.o(i.MPU_Config)
    i.MX_ADC1_Init                           0x080089dc   Section        0  adc.o(i.MX_ADC1_Init)
    i.MX_DMA_Init                            0x08008a8c   Section        0  dma.o(i.MX_DMA_Init)
    i.MX_GPIO_Init                           0x08008ac0   Section        0  gpio.o(i.MX_GPIO_Init)
    i.MX_TIM6_Init                           0x08008b18   Section        0  tim.o(i.MX_TIM6_Init)
    i.MX_USART1_UART_Init                    0x08008b64   Section        0  usart.o(i.MX_USART1_UART_Init)
    i.MemManage_Handler                      0x08008bd0   Section        0  stm32h7xx_it.o(i.MemManage_Handler)
    i.NMI_Handler                            0x08008bd4   Section        0  stm32h7xx_it.o(i.NMI_Handler)
    i.PendSV_Handler                         0x08008bd8   Section        0  stm32h7xx_it.o(i.PendSV_Handler)
    i.RCCEx_PLL2_Config                      0x08008bdc   Section        0  stm32h7xx_hal_rcc_ex.o(i.RCCEx_PLL2_Config)
    RCCEx_PLL2_Config                        0x08008bdd   Thumb Code   350  stm32h7xx_hal_rcc_ex.o(i.RCCEx_PLL2_Config)
    i.RCCEx_PLL3_Config                      0x08008d40   Section        0  stm32h7xx_hal_rcc_ex.o(i.RCCEx_PLL3_Config)
    RCCEx_PLL3_Config                        0x08008d41   Thumb Code   350  stm32h7xx_hal_rcc_ex.o(i.RCCEx_PLL3_Config)
    i.SVC_Handler                            0x08008ea4   Section        0  stm32h7xx_it.o(i.SVC_Handler)
    i.SysTick_Handler                        0x08008ea6   Section        0  stm32h7xx_it.o(i.SysTick_Handler)
    i.SystemClock_Config                     0x08008eb0   Section        0  main.o(i.SystemClock_Config)
    i.SystemInit                             0x08008f84   Section        0  system_stm32h7xx.o(i.SystemInit)
    i.TIM_Base_SetConfig                     0x080090ac   Section        0  stm32h7xx_hal_tim.o(i.TIM_Base_SetConfig)
    i.UARTEx_SetNbDataToProcess              0x08009180   Section        0  stm32h7xx_hal_uart_ex.o(i.UARTEx_SetNbDataToProcess)
    UARTEx_SetNbDataToProcess                0x08009181   Thumb Code    78  stm32h7xx_hal_uart_ex.o(i.UARTEx_SetNbDataToProcess)
    i.UART_AdvFeatureConfig                  0x080091d8   Section        0  stm32h7xx_hal_uart.o(i.UART_AdvFeatureConfig)
    i.UART_CheckIdleState                    0x080092d0   Section        0  stm32h7xx_hal_uart.o(i.UART_CheckIdleState)
    i.UART_DMAAbortOnError                   0x080093ba   Section        0  stm32h7xx_hal_uart.o(i.UART_DMAAbortOnError)
    UART_DMAAbortOnError                     0x080093bb   Thumb Code    20  stm32h7xx_hal_uart.o(i.UART_DMAAbortOnError)
    i.UART_EndRxTransfer                     0x080093d0   Section        0  stm32h7xx_hal_uart.o(i.UART_EndRxTransfer)
    UART_EndRxTransfer                       0x080093d1   Thumb Code   104  stm32h7xx_hal_uart.o(i.UART_EndRxTransfer)
    i.UART_EndTransmit_IT                    0x0800943c   Section        0  stm32h7xx_hal_uart.o(i.UART_EndTransmit_IT)
    UART_EndTransmit_IT                      0x0800943d   Thumb Code    48  stm32h7xx_hal_uart.o(i.UART_EndTransmit_IT)
    i.UART_RxISR_16BIT                       0x0800946c   Section        0  stm32h7xx_hal_uart.o(i.UART_RxISR_16BIT)
    UART_RxISR_16BIT                         0x0800946d   Thumb Code   256  stm32h7xx_hal_uart.o(i.UART_RxISR_16BIT)
    i.UART_RxISR_16BIT_FIFOEN                0x08009570   Section        0  stm32h7xx_hal_uart.o(i.UART_RxISR_16BIT_FIFOEN)
    UART_RxISR_16BIT_FIFOEN                  0x08009571   Thumb Code   498  stm32h7xx_hal_uart.o(i.UART_RxISR_16BIT_FIFOEN)
    i.UART_RxISR_8BIT                        0x08009770   Section        0  stm32h7xx_hal_uart.o(i.UART_RxISR_8BIT)
    UART_RxISR_8BIT                          0x08009771   Thumb Code   254  stm32h7xx_hal_uart.o(i.UART_RxISR_8BIT)
    i.UART_RxISR_8BIT_FIFOEN                 0x08009874   Section        0  stm32h7xx_hal_uart.o(i.UART_RxISR_8BIT_FIFOEN)
    UART_RxISR_8BIT_FIFOEN                   0x08009875   Thumb Code   496  stm32h7xx_hal_uart.o(i.UART_RxISR_8BIT_FIFOEN)
    i.UART_SetConfig                         0x08009a70   Section        0  stm32h7xx_hal_uart.o(i.UART_SetConfig)
    i.UART_Start_Receive_IT                  0x08009ffc   Section        0  stm32h7xx_hal_uart.o(i.UART_Start_Receive_IT)
    i.UART_WaitOnFlagUntilTimeout            0x0800a158   Section        0  stm32h7xx_hal_uart.o(i.UART_WaitOnFlagUntilTimeout)
    i.USART1_IRQHandler                      0x0800a204   Section        0  stm32h7xx_it.o(i.USART1_IRQHandler)
    i.UsageFault_Handler                     0x0800a214   Section        0  stm32h7xx_it.o(i.UsageFault_Handler)
    i.__0printf                              0x0800a218   Section        0  printfa.o(i.__0printf)
    i.__ARM_fpclassify                       0x0800a238   Section        0  fpclassify.o(i.__ARM_fpclassify)
    i.__NVIC_GetPriorityGrouping             0x0800a268   Section        0  stm32h7xx_hal_cortex.o(i.__NVIC_GetPriorityGrouping)
    __NVIC_GetPriorityGrouping               0x0800a269   Thumb Code    10  stm32h7xx_hal_cortex.o(i.__NVIC_GetPriorityGrouping)
    i.__NVIC_SetPriority                     0x0800a278   Section        0  stm32h7xx_hal_cortex.o(i.__NVIC_SetPriority)
    __NVIC_SetPriority                       0x0800a279   Thumb Code    32  stm32h7xx_hal_cortex.o(i.__NVIC_SetPriority)
    i.__hardfp_cos                           0x0800a2a0   Section        0  cos.o(i.__hardfp_cos)
    i.__hardfp_pow                           0x0800a350   Section        0  pow.o(i.__hardfp_pow)
    i.__hardfp_sqrt                          0x0800ac48   Section        0  sqrt.o(i.__hardfp_sqrt)
    i.__hardfp_sqrtf                         0x0800acae   Section        0  sqrtf.o(i.__hardfp_sqrtf)
    i.__ieee754_rem_pio2                     0x0800ace8   Section        0  rred.o(i.__ieee754_rem_pio2)
    i.__kernel_cos                           0x0800aff8   Section        0  cos_i.o(i.__kernel_cos)
    i.__kernel_poly                          0x0800b0d8   Section        0  poly.o(i.__kernel_poly)
    i.__kernel_sin                           0x0800b148   Section        0  sin_i.o(i.__kernel_sin)
    i.__mathlib_dbl_divzero                  0x0800b1f0   Section        0  dunder.o(i.__mathlib_dbl_divzero)
    i.__mathlib_dbl_infnan2                  0x0800b210   Section        0  dunder.o(i.__mathlib_dbl_infnan2)
    i.__mathlib_dbl_invalid                  0x0800b218   Section        0  dunder.o(i.__mathlib_dbl_invalid)
    i.__mathlib_dbl_overflow                 0x0800b230   Section        0  dunder.o(i.__mathlib_dbl_overflow)
    i.__mathlib_dbl_underflow                0x0800b248   Section        0  dunder.o(i.__mathlib_dbl_underflow)
    i.__scatterload_copy                     0x0800b260   Section       14  handlers.o(i.__scatterload_copy)
    i.__scatterload_null                     0x0800b26e   Section        2  handlers.o(i.__scatterload_null)
    i.__scatterload_zeroinit                 0x0800b270   Section       14  handlers.o(i.__scatterload_zeroinit)
    i.__set_errno                            0x0800b280   Section        0  errno.o(i.__set_errno)
    i._fp_digits                             0x0800b28c   Section        0  printfa.o(i._fp_digits)
    _fp_digits                               0x0800b28d   Thumb Code   366  printfa.o(i._fp_digits)
    i._printf_core                           0x0800b410   Section        0  printfa.o(i._printf_core)
    _printf_core                             0x0800b411   Thumb Code  1744  printfa.o(i._printf_core)
    i._printf_post_padding                   0x0800baec   Section        0  printfa.o(i._printf_post_padding)
    _printf_post_padding                     0x0800baed   Thumb Code    36  printfa.o(i._printf_post_padding)
    i._printf_pre_padding                    0x0800bb10   Section        0  printfa.o(i._printf_pre_padding)
    _printf_pre_padding                      0x0800bb11   Thumb Code    46  printfa.o(i._printf_pre_padding)
    i.adc1_tim6_getdata_4M                   0x0800bb40   Section        0  fft_handle.o(i.adc1_tim6_getdata_4M)
    i.analyzeWavePeaks                       0x0800bb70   Section        0  judge.o(i.analyzeWavePeaks)
    i.baseFreq_index                         0x0800be20   Section        0  fft_handle.o(i.baseFreq_index)
    i.compare_wavepeak                       0x0800be3c   Section        0  main.o(i.compare_wavepeak)
    i.fabs                                   0x0800be76   Section        0  fabs.o(i.fabs)
    i.fputc                                  0x0800be90   Section        0  usart.o(i.fputc)
    i.free                                   0x0800beac   Section        0  malloc.o(i.free)
    i.main                                   0x0800befc   Section        0  main.o(i.main)
    i.malloc                                 0x0800c084   Section        0  malloc.o(i.malloc)
    i.sqrt                                   0x0800c0f0   Section        0  sqrt.o(i.sqrt)
    i.value_peak_corr                        0x0800c15a   Section        0  fft_handle.o(i.value_peak_corr)
    i.waveindex_get                          0x0800c294   Section        0  fft_handle.o(i.waveindex_get)
    .constdata                               0x0800c370   Section        8  stm32h7xx_hal_dma.o(.constdata)
    flagBitshiftOffset                       0x0800c370   Data           8  stm32h7xx_hal_dma.o(.constdata)
    .constdata                               0x0800c378   Section       24  stm32h7xx_hal_uart.o(.constdata)
    .constdata                               0x0800c390   Section       16  stm32h7xx_hal_uart_ex.o(.constdata)
    numerator                                0x0800c390   Data           8  stm32h7xx_hal_uart_ex.o(.constdata)
    denominator                              0x0800c398   Data           8  stm32h7xx_hal_uart_ex.o(.constdata)
    .constdata                               0x0800c3a0   Section       16  system_stm32h7xx.o(.constdata)
    .constdata                               0x0800c3b0   Section      136  pow.o(.constdata)
    bp                                       0x0800c3b0   Data          16  pow.o(.constdata)
    dp_h                                     0x0800c3c0   Data          16  pow.o(.constdata)
    dp_l                                     0x0800c3d0   Data          16  pow.o(.constdata)
    L                                        0x0800c3e0   Data          48  pow.o(.constdata)
    P                                        0x0800c410   Data          40  pow.o(.constdata)
    .constdata                               0x0800c438   Section       48  cos_i.o(.constdata)
    C                                        0x0800c438   Data          48  cos_i.o(.constdata)
    .constdata                               0x0800c468   Section        8  qnan.o(.constdata)
    .constdata                               0x0800c470   Section      200  rred.o(.constdata)
    pio2s                                    0x0800c470   Data          48  rred.o(.constdata)
    twooverpi                                0x0800c4a0   Data         152  rred.o(.constdata)
    .constdata                               0x0800c538   Section       40  sin_i.o(.constdata)
    S                                        0x0800c538   Data          40  sin_i.o(.constdata)
    .data                                    0x24000000   Section       28  main.o(.data)
    .data                                    0x2400001c   Section        9  stm32h7xx_hal.o(.data)
    .data                                    0x24000028   Section        8  system_stm32h7xx.o(.data)
    .data                                    0x24000030   Section        4  stdout.o(.data)
    .data                                    0x24000034   Section        4  mvars.o(.data)
    .data                                    0x24000038   Section        4  mvars.o(.data)
    .data                                    0x2400003c   Section        4  errno.o(.data)
    _errno                                   0x2400003c   Data           4  errno.o(.data)
    .bss                                     0x24000040   Section    73848  main.o(.bss)
    ADC_Value_DMA                            0x24010054   Data        8232  main.o(.bss)
    .bss                                     0x240120b8   Section      220  adc.o(.bss)
    .bss                                     0x24012194   Section       76  tim.o(.bss)
    .bss                                     0x240121e0   Section      148  usart.o(.bss)
    HEAP                                     0x24012278   Section      512  startup_stm32h743xx.o(HEAP)
    STACK                                    0x24012478   Section     1024  startup_stm32h743xx.o(STACK)

    Global Symbols

    Symbol Name                              Value     Ov Type        Size  Object(Section)

    BuildAttributes$$THM_ISAv4$E$P$D$K$B$S$7EM$VFPv5_D16$PE$PLD8$A:L22UL41UL21$X:L11$S22US41US21$IEEE1$IW$USESV6$~STKCKD$USESV7$~SHL$OTIME$ROPI$IEEEX$EBA8$MICROLIB$REQ8$PRES8$EABIv2 0x00000000   Number         0  anon$$obj.o ABSOLUTE
    __ARM_use_no_argv                        0x00000000   Number         0  main.o ABSOLUTE
    _printf_a                                0x00000000   Number         0  stubs.o ABSOLUTE
    _printf_c                                0x00000000   Number         0  stubs.o ABSOLUTE
    _printf_charcount                        0x00000000   Number         0  stubs.o ABSOLUTE
    _printf_d                                0x00000000   Number         0  stubs.o ABSOLUTE
    _printf_e                                0x00000000   Number         0  stubs.o ABSOLUTE
    _printf_f                                0x00000000   Number         0  stubs.o ABSOLUTE
    _printf_flags                            0x00000000   Number         0  stubs.o ABSOLUTE
    _printf_fp_dec                           0x00000000   Number         0  stubs.o ABSOLUTE
    _printf_fp_hex                           0x00000000   Number         0  stubs.o ABSOLUTE
    _printf_g                                0x00000000   Number         0  stubs.o ABSOLUTE
    _printf_i                                0x00000000   Number         0  stubs.o ABSOLUTE
    _printf_int_dec                          0x00000000   Number         0  stubs.o ABSOLUTE
    _printf_l                                0x00000000   Number         0  stubs.o ABSOLUTE
    _printf_lc                               0x00000000   Number         0  stubs.o ABSOLUTE
    _printf_ll                               0x00000000   Number         0  stubs.o ABSOLUTE
    _printf_lld                              0x00000000   Number         0  stubs.o ABSOLUTE
    _printf_lli                              0x00000000   Number         0  stubs.o ABSOLUTE
    _printf_llo                              0x00000000   Number         0  stubs.o ABSOLUTE
    _printf_llu                              0x00000000   Number         0  stubs.o ABSOLUTE
    _printf_llx                              0x00000000   Number         0  stubs.o ABSOLUTE
    _printf_longlong_dec                     0x00000000   Number         0  stubs.o ABSOLUTE
    _printf_longlong_hex                     0x00000000   Number         0  stubs.o ABSOLUTE
    _printf_longlong_oct                     0x00000000   Number         0  stubs.o ABSOLUTE
    _printf_ls                               0x00000000   Number         0  stubs.o ABSOLUTE
    _printf_mbtowc                           0x00000000   Number         0  stubs.o ABSOLUTE
    _printf_n                                0x00000000   Number         0  stubs.o ABSOLUTE
    _printf_o                                0x00000000   Number         0  stubs.o ABSOLUTE
    _printf_p                                0x00000000   Number         0  stubs.o ABSOLUTE
    _printf_percent                          0x00000000   Number         0  stubs.o ABSOLUTE
    _printf_pre_padding                      0x00000000   Number         0  stubs.o ABSOLUTE
    _printf_return_value                     0x00000000   Number         0  stubs.o ABSOLUTE
    _printf_s                                0x00000000   Number         0  stubs.o ABSOLUTE
    _printf_sizespec                         0x00000000   Number         0  stubs.o ABSOLUTE
    _printf_str                              0x00000000   Number         0  stubs.o ABSOLUTE
    _printf_truncate_signed                  0x00000000   Number         0  stubs.o ABSOLUTE
    _printf_truncate_unsigned                0x00000000   Number         0  stubs.o ABSOLUTE
    _printf_u                                0x00000000   Number         0  stubs.o ABSOLUTE
    _printf_wc                               0x00000000   Number         0  stubs.o ABSOLUTE
    _printf_wctomb                           0x00000000   Number         0  stubs.o ABSOLUTE
    _printf_widthprec                        0x00000000   Number         0  stubs.o ABSOLUTE
    _printf_x                                0x00000000   Number         0  stubs.o ABSOLUTE
    __cpp_initialize__aeabi_                  - Undefined Weak Reference
    __cxa_finalize                            - Undefined Weak Reference
    __decompress                              - Undefined Weak Reference
    _clock_init                               - Undefined Weak Reference
    _microlib_exit                            - Undefined Weak Reference
    __Vectors_Size                           0x00000298   Number         0  startup_stm32h743xx.o ABSOLUTE
    __Vectors                                0x08000000   Data           4  startup_stm32h743xx.o(RESET)
    __Vectors_End                            0x08000298   Data           0  startup_stm32h743xx.o(RESET)
    __main                                   0x08000299   Thumb Code     0  entry.o(.ARM.Collect$$$$00000000)
    _main_stk                                0x08000299   Thumb Code     0  entry2.o(.ARM.Collect$$$$00000001)
    _main_scatterload                        0x0800029d   Thumb Code     0  entry5.o(.ARM.Collect$$$$00000004)
    __main_after_scatterload                 0x080002a1   Thumb Code     0  entry5.o(.ARM.Collect$$$$00000004)
    _main_clock                              0x080002a1   Thumb Code     0  entry7b.o(.ARM.Collect$$$$00000008)
    _main_cpp_init                           0x080002a1   Thumb Code     0  entry8b.o(.ARM.Collect$$$$0000000A)
    _main_init                               0x080002a1   Thumb Code     0  entry9a.o(.ARM.Collect$$$$0000000B)
    __rt_final_cpp                           0x080002a9   Thumb Code     0  entry10a.o(.ARM.Collect$$$$0000000D)
    __rt_final_exit                          0x080002a9   Thumb Code     0  entry11a.o(.ARM.Collect$$$$0000000F)
    Reset_Handler                            0x080002ad   Thumb Code    12  startup_stm32h743xx.o(.text)
    ADC3_IRQHandler                          0x080002cb   Thumb Code     0  startup_stm32h743xx.o(.text)
    BDMA_Channel0_IRQHandler                 0x080002cb   Thumb Code     0  startup_stm32h743xx.o(.text)
    BDMA_Channel1_IRQHandler                 0x080002cb   Thumb Code     0  startup_stm32h743xx.o(.text)
    BDMA_Channel2_IRQHandler                 0x080002cb   Thumb Code     0  startup_stm32h743xx.o(.text)
    BDMA_Channel3_IRQHandler                 0x080002cb   Thumb Code     0  startup_stm32h743xx.o(.text)
    BDMA_Channel4_IRQHandler                 0x080002cb   Thumb Code     0  startup_stm32h743xx.o(.text)
    BDMA_Channel5_IRQHandler                 0x080002cb   Thumb Code     0  startup_stm32h743xx.o(.text)
    BDMA_Channel6_IRQHandler                 0x080002cb   Thumb Code     0  startup_stm32h743xx.o(.text)
    BDMA_Channel7_IRQHandler                 0x080002cb   Thumb Code     0  startup_stm32h743xx.o(.text)
    CEC_IRQHandler                           0x080002cb   Thumb Code     0  startup_stm32h743xx.o(.text)
    COMP1_IRQHandler                         0x080002cb   Thumb Code     0  startup_stm32h743xx.o(.text)
    CRS_IRQHandler                           0x080002cb   Thumb Code     0  startup_stm32h743xx.o(.text)
    DCMI_IRQHandler                          0x080002cb   Thumb Code     0  startup_stm32h743xx.o(.text)
    DFSDM1_FLT0_IRQHandler                   0x080002cb   Thumb Code     0  startup_stm32h743xx.o(.text)
    DFSDM1_FLT1_IRQHandler                   0x080002cb   Thumb Code     0  startup_stm32h743xx.o(.text)
    DFSDM1_FLT2_IRQHandler                   0x080002cb   Thumb Code     0  startup_stm32h743xx.o(.text)
    DFSDM1_FLT3_IRQHandler                   0x080002cb   Thumb Code     0  startup_stm32h743xx.o(.text)
    DMA1_Stream1_IRQHandler                  0x080002cb   Thumb Code     0  startup_stm32h743xx.o(.text)
    DMA1_Stream2_IRQHandler                  0x080002cb   Thumb Code     0  startup_stm32h743xx.o(.text)
    DMA1_Stream3_IRQHandler                  0x080002cb   Thumb Code     0  startup_stm32h743xx.o(.text)
    DMA1_Stream4_IRQHandler                  0x080002cb   Thumb Code     0  startup_stm32h743xx.o(.text)
    DMA1_Stream5_IRQHandler                  0x080002cb   Thumb Code     0  startup_stm32h743xx.o(.text)
    DMA1_Stream6_IRQHandler                  0x080002cb   Thumb Code     0  startup_stm32h743xx.o(.text)
    DMA1_Stream7_IRQHandler                  0x080002cb   Thumb Code     0  startup_stm32h743xx.o(.text)
    DMA2D_IRQHandler                         0x080002cb   Thumb Code     0  startup_stm32h743xx.o(.text)
    DMA2_Stream0_IRQHandler                  0x080002cb   Thumb Code     0  startup_stm32h743xx.o(.text)
    DMA2_Stream1_IRQHandler                  0x080002cb   Thumb Code     0  startup_stm32h743xx.o(.text)
    DMA2_Stream2_IRQHandler                  0x080002cb   Thumb Code     0  startup_stm32h743xx.o(.text)
    DMA2_Stream3_IRQHandler                  0x080002cb   Thumb Code     0  startup_stm32h743xx.o(.text)
    DMA2_Stream4_IRQHandler                  0x080002cb   Thumb Code     0  startup_stm32h743xx.o(.text)
    DMA2_Stream5_IRQHandler                  0x080002cb   Thumb Code     0  startup_stm32h743xx.o(.text)
    DMA2_Stream6_IRQHandler                  0x080002cb   Thumb Code     0  startup_stm32h743xx.o(.text)
    DMA2_Stream7_IRQHandler                  0x080002cb   Thumb Code     0  startup_stm32h743xx.o(.text)
    DMAMUX1_OVR_IRQHandler                   0x080002cb   Thumb Code     0  startup_stm32h743xx.o(.text)
    DMAMUX2_OVR_IRQHandler                   0x080002cb   Thumb Code     0  startup_stm32h743xx.o(.text)
    ECC_IRQHandler                           0x080002cb   Thumb Code     0  startup_stm32h743xx.o(.text)
    ETH_IRQHandler                           0x080002cb   Thumb Code     0  startup_stm32h743xx.o(.text)
    ETH_WKUP_IRQHandler                      0x080002cb   Thumb Code     0  startup_stm32h743xx.o(.text)
    EXTI0_IRQHandler                         0x080002cb   Thumb Code     0  startup_stm32h743xx.o(.text)
    EXTI15_10_IRQHandler                     0x080002cb   Thumb Code     0  startup_stm32h743xx.o(.text)
    EXTI1_IRQHandler                         0x080002cb   Thumb Code     0  startup_stm32h743xx.o(.text)
    EXTI2_IRQHandler                         0x080002cb   Thumb Code     0  startup_stm32h743xx.o(.text)
    EXTI3_IRQHandler                         0x080002cb   Thumb Code     0  startup_stm32h743xx.o(.text)
    EXTI4_IRQHandler                         0x080002cb   Thumb Code     0  startup_stm32h743xx.o(.text)
    EXTI9_5_IRQHandler                       0x080002cb   Thumb Code     0  startup_stm32h743xx.o(.text)
    FDCAN1_IT0_IRQHandler                    0x080002cb   Thumb Code     0  startup_stm32h743xx.o(.text)
    FDCAN1_IT1_IRQHandler                    0x080002cb   Thumb Code     0  startup_stm32h743xx.o(.text)
    FDCAN2_IT0_IRQHandler                    0x080002cb   Thumb Code     0  startup_stm32h743xx.o(.text)
    FDCAN2_IT1_IRQHandler                    0x080002cb   Thumb Code     0  startup_stm32h743xx.o(.text)
    FDCAN_CAL_IRQHandler                     0x080002cb   Thumb Code     0  startup_stm32h743xx.o(.text)
    FLASH_IRQHandler                         0x080002cb   Thumb Code     0  startup_stm32h743xx.o(.text)
    FMC_IRQHandler                           0x080002cb   Thumb Code     0  startup_stm32h743xx.o(.text)
    FPU_IRQHandler                           0x080002cb   Thumb Code     0  startup_stm32h743xx.o(.text)
    HRTIM1_FLT_IRQHandler                    0x080002cb   Thumb Code     0  startup_stm32h743xx.o(.text)
    HRTIM1_Master_IRQHandler                 0x080002cb   Thumb Code     0  startup_stm32h743xx.o(.text)
    HRTIM1_TIMA_IRQHandler                   0x080002cb   Thumb Code     0  startup_stm32h743xx.o(.text)
    HRTIM1_TIMB_IRQHandler                   0x080002cb   Thumb Code     0  startup_stm32h743xx.o(.text)
    HRTIM1_TIMC_IRQHandler                   0x080002cb   Thumb Code     0  startup_stm32h743xx.o(.text)
    HRTIM1_TIMD_IRQHandler                   0x080002cb   Thumb Code     0  startup_stm32h743xx.o(.text)
    HRTIM1_TIME_IRQHandler                   0x080002cb   Thumb Code     0  startup_stm32h743xx.o(.text)
    HSEM1_IRQHandler                         0x080002cb   Thumb Code     0  startup_stm32h743xx.o(.text)
    I2C1_ER_IRQHandler                       0x080002cb   Thumb Code     0  startup_stm32h743xx.o(.text)
    I2C1_EV_IRQHandler                       0x080002cb   Thumb Code     0  startup_stm32h743xx.o(.text)
    I2C2_ER_IRQHandler                       0x080002cb   Thumb Code     0  startup_stm32h743xx.o(.text)
    I2C2_EV_IRQHandler                       0x080002cb   Thumb Code     0  startup_stm32h743xx.o(.text)
    I2C3_ER_IRQHandler                       0x080002cb   Thumb Code     0  startup_stm32h743xx.o(.text)
    I2C3_EV_IRQHandler                       0x080002cb   Thumb Code     0  startup_stm32h743xx.o(.text)
    I2C4_ER_IRQHandler                       0x080002cb   Thumb Code     0  startup_stm32h743xx.o(.text)
    I2C4_EV_IRQHandler                       0x080002cb   Thumb Code     0  startup_stm32h743xx.o(.text)
    JPEG_IRQHandler                          0x080002cb   Thumb Code     0  startup_stm32h743xx.o(.text)
    LPTIM1_IRQHandler                        0x080002cb   Thumb Code     0  startup_stm32h743xx.o(.text)
    LPTIM2_IRQHandler                        0x080002cb   Thumb Code     0  startup_stm32h743xx.o(.text)
    LPTIM3_IRQHandler                        0x080002cb   Thumb Code     0  startup_stm32h743xx.o(.text)
    LPTIM4_IRQHandler                        0x080002cb   Thumb Code     0  startup_stm32h743xx.o(.text)
    LPTIM5_IRQHandler                        0x080002cb   Thumb Code     0  startup_stm32h743xx.o(.text)
    LPUART1_IRQHandler                       0x080002cb   Thumb Code     0  startup_stm32h743xx.o(.text)
    LTDC_ER_IRQHandler                       0x080002cb   Thumb Code     0  startup_stm32h743xx.o(.text)
    LTDC_IRQHandler                          0x080002cb   Thumb Code     0  startup_stm32h743xx.o(.text)
    MDIOS_IRQHandler                         0x080002cb   Thumb Code     0  startup_stm32h743xx.o(.text)
    MDIOS_WKUP_IRQHandler                    0x080002cb   Thumb Code     0  startup_stm32h743xx.o(.text)
    MDMA_IRQHandler                          0x080002cb   Thumb Code     0  startup_stm32h743xx.o(.text)
    OTG_FS_EP1_IN_IRQHandler                 0x080002cb   Thumb Code     0  startup_stm32h743xx.o(.text)
    OTG_FS_EP1_OUT_IRQHandler                0x080002cb   Thumb Code     0  startup_stm32h743xx.o(.text)
    OTG_FS_IRQHandler                        0x080002cb   Thumb Code     0  startup_stm32h743xx.o(.text)
    OTG_FS_WKUP_IRQHandler                   0x080002cb   Thumb Code     0  startup_stm32h743xx.o(.text)
    OTG_HS_EP1_IN_IRQHandler                 0x080002cb   Thumb Code     0  startup_stm32h743xx.o(.text)
    OTG_HS_EP1_OUT_IRQHandler                0x080002cb   Thumb Code     0  startup_stm32h743xx.o(.text)
    OTG_HS_IRQHandler                        0x080002cb   Thumb Code     0  startup_stm32h743xx.o(.text)
    OTG_HS_WKUP_IRQHandler                   0x080002cb   Thumb Code     0  startup_stm32h743xx.o(.text)
    PVD_AVD_IRQHandler                       0x080002cb   Thumb Code     0  startup_stm32h743xx.o(.text)
    QUADSPI_IRQHandler                       0x080002cb   Thumb Code     0  startup_stm32h743xx.o(.text)
    RCC_IRQHandler                           0x080002cb   Thumb Code     0  startup_stm32h743xx.o(.text)
    RNG_IRQHandler                           0x080002cb   Thumb Code     0  startup_stm32h743xx.o(.text)
    RTC_Alarm_IRQHandler                     0x080002cb   Thumb Code     0  startup_stm32h743xx.o(.text)
    RTC_WKUP_IRQHandler                      0x080002cb   Thumb Code     0  startup_stm32h743xx.o(.text)
    SAI1_IRQHandler                          0x080002cb   Thumb Code     0  startup_stm32h743xx.o(.text)
    SAI2_IRQHandler                          0x080002cb   Thumb Code     0  startup_stm32h743xx.o(.text)
    SAI3_IRQHandler                          0x080002cb   Thumb Code     0  startup_stm32h743xx.o(.text)
    SAI4_IRQHandler                          0x080002cb   Thumb Code     0  startup_stm32h743xx.o(.text)
    SDMMC1_IRQHandler                        0x080002cb   Thumb Code     0  startup_stm32h743xx.o(.text)
    SDMMC2_IRQHandler                        0x080002cb   Thumb Code     0  startup_stm32h743xx.o(.text)
    SPDIF_RX_IRQHandler                      0x080002cb   Thumb Code     0  startup_stm32h743xx.o(.text)
    SPI1_IRQHandler                          0x080002cb   Thumb Code     0  startup_stm32h743xx.o(.text)
    SPI2_IRQHandler                          0x080002cb   Thumb Code     0  startup_stm32h743xx.o(.text)
    SPI3_IRQHandler                          0x080002cb   Thumb Code     0  startup_stm32h743xx.o(.text)
    SPI4_IRQHandler                          0x080002cb   Thumb Code     0  startup_stm32h743xx.o(.text)
    SPI5_IRQHandler                          0x080002cb   Thumb Code     0  startup_stm32h743xx.o(.text)
    SPI6_IRQHandler                          0x080002cb   Thumb Code     0  startup_stm32h743xx.o(.text)
    SWPMI1_IRQHandler                        0x080002cb   Thumb Code     0  startup_stm32h743xx.o(.text)
    TAMP_STAMP_IRQHandler                    0x080002cb   Thumb Code     0  startup_stm32h743xx.o(.text)
    TIM15_IRQHandler                         0x080002cb   Thumb Code     0  startup_stm32h743xx.o(.text)
    TIM16_IRQHandler                         0x080002cb   Thumb Code     0  startup_stm32h743xx.o(.text)
    TIM17_IRQHandler                         0x080002cb   Thumb Code     0  startup_stm32h743xx.o(.text)
    TIM1_BRK_IRQHandler                      0x080002cb   Thumb Code     0  startup_stm32h743xx.o(.text)
    TIM1_CC_IRQHandler                       0x080002cb   Thumb Code     0  startup_stm32h743xx.o(.text)
    TIM1_TRG_COM_IRQHandler                  0x080002cb   Thumb Code     0  startup_stm32h743xx.o(.text)
    TIM1_UP_IRQHandler                       0x080002cb   Thumb Code     0  startup_stm32h743xx.o(.text)
    TIM2_IRQHandler                          0x080002cb   Thumb Code     0  startup_stm32h743xx.o(.text)
    TIM3_IRQHandler                          0x080002cb   Thumb Code     0  startup_stm32h743xx.o(.text)
    TIM4_IRQHandler                          0x080002cb   Thumb Code     0  startup_stm32h743xx.o(.text)
    TIM5_IRQHandler                          0x080002cb   Thumb Code     0  startup_stm32h743xx.o(.text)
    TIM6_DAC_IRQHandler                      0x080002cb   Thumb Code     0  startup_stm32h743xx.o(.text)
    TIM7_IRQHandler                          0x080002cb   Thumb Code     0  startup_stm32h743xx.o(.text)
    TIM8_BRK_TIM12_IRQHandler                0x080002cb   Thumb Code     0  startup_stm32h743xx.o(.text)
    TIM8_CC_IRQHandler                       0x080002cb   Thumb Code     0  startup_stm32h743xx.o(.text)
    TIM8_TRG_COM_TIM14_IRQHandler            0x080002cb   Thumb Code     0  startup_stm32h743xx.o(.text)
    TIM8_UP_TIM13_IRQHandler                 0x080002cb   Thumb Code     0  startup_stm32h743xx.o(.text)
    UART4_IRQHandler                         0x080002cb   Thumb Code     0  startup_stm32h743xx.o(.text)
    UART5_IRQHandler                         0x080002cb   Thumb Code     0  startup_stm32h743xx.o(.text)
    UART7_IRQHandler                         0x080002cb   Thumb Code     0  startup_stm32h743xx.o(.text)
    UART8_IRQHandler                         0x080002cb   Thumb Code     0  startup_stm32h743xx.o(.text)
    USART2_IRQHandler                        0x080002cb   Thumb Code     0  startup_stm32h743xx.o(.text)
    USART3_IRQHandler                        0x080002cb   Thumb Code     0  startup_stm32h743xx.o(.text)
    USART6_IRQHandler                        0x080002cb   Thumb Code     0  startup_stm32h743xx.o(.text)
    WAKEUP_PIN_IRQHandler                    0x080002cb   Thumb Code     0  startup_stm32h743xx.o(.text)
    WWDG_IRQHandler                          0x080002cb   Thumb Code     0  startup_stm32h743xx.o(.text)
    __aeabi_uldivmod                         0x080002d9   Thumb Code    98  uldiv.o(.text)
    qsort                                    0x0800033b   Thumb Code   156  qsort.o(.text)
    __aeabi_memset                           0x080003d7   Thumb Code    14  memseta.o(.text)
    __aeabi_memset4                          0x080003d7   Thumb Code     0  memseta.o(.text)
    __aeabi_memset8                          0x080003d7   Thumb Code     0  memseta.o(.text)
    __aeabi_memclr                           0x080003e5   Thumb Code     4  memseta.o(.text)
    __aeabi_memclr4                          0x080003e5   Thumb Code     0  memseta.o(.text)
    __aeabi_memclr8                          0x080003e5   Thumb Code     0  memseta.o(.text)
    _memset$wrapper                          0x080003e9   Thumb Code    18  memseta.o(.text)
    __aeabi_uidiv                            0x080003fb   Thumb Code     0  uidiv.o(.text)
    __aeabi_uidivmod                         0x080003fb   Thumb Code    44  uidiv.o(.text)
    __aeabi_llsl                             0x08000427   Thumb Code    30  llshl.o(.text)
    _ll_shift_l                              0x08000427   Thumb Code     0  llshl.o(.text)
    __aeabi_llsr                             0x08000445   Thumb Code    32  llushr.o(.text)
    _ll_ushift_r                             0x08000445   Thumb Code     0  llushr.o(.text)
    __I$use$fp                               0x08000465   Thumb Code     0  iusefp.o(.text)
    __aeabi_dadd                             0x08000465   Thumb Code   322  dadd.o(.text)
    __aeabi_dsub                             0x080005a7   Thumb Code     6  dadd.o(.text)
    __aeabi_drsub                            0x080005ad   Thumb Code     6  dadd.o(.text)
    __aeabi_dmul                             0x080005b3   Thumb Code   228  dmul.o(.text)
    __aeabi_ddiv                             0x08000697   Thumb Code   222  ddiv.o(.text)
    __ARM_scalbn                             0x08000775   Thumb Code    46  dscalb.o(.text)
    scalbn                                   0x08000775   Thumb Code     0  dscalb.o(.text)
    __aeabi_d2ulz                            0x080007a3   Thumb Code    48  dfixul.o(.text)
    __aeabi_cdrcmple                         0x080007d5   Thumb Code    48  cdrcmple.o(.text)
    __scatterload                            0x08000805   Thumb Code    28  init.o(.text)
    __scatterload_rt2                        0x08000805   Thumb Code     0  init.o(.text)
    __aeabi_lasr                             0x08000829   Thumb Code    36  llsshr.o(.text)
    _ll_sshift_r                             0x08000829   Thumb Code     0  llsshr.o(.text)
    _double_round                            0x0800084d   Thumb Code    30  depilogue.o(.text)
    _double_epilogue                         0x0800086b   Thumb Code   156  depilogue.o(.text)
    arm_bitreversal_32                       0x08000909   Thumb Code    76  arm_bitreversal2.o(.text.arm_bitreversal_32)
    arm_cfft_f32                             0x08000955   Thumb Code   220  arm_cfft_f32.o(.text.arm_cfft_f32)
    arm_cfft_radix8by2_f32                   0x08000a31   Thumb Code   382  arm_cfft_f32.o(.text.arm_cfft_radix8by2_f32)
    arm_cfft_radix8by4_f32                   0x08000bb1   Thumb Code   988  arm_cfft_f32.o(.text.arm_cfft_radix8by4_f32)
    arm_cmplx_mag_f32                        0x08000f8d   Thumb Code   312  arm_cmplx_mag_f32.o(.text.arm_cmplx_mag_f32)
    arm_max_f32                              0x080010c5   Thumb Code   198  arm_max_f32.o(.text.arm_max_f32)
    arm_radix8_butterfly_f32                 0x0800118d   Thumb Code  1316  arm_cfft_radix8_f32.o(.text.arm_radix8_butterfly_f32)
    ADC_ConfigureBoostMode                   0x080016b1   Thumb Code   322  stm32h7xx_hal_adc.o(i.ADC_ConfigureBoostMode)
    ADC_DMAConvCplt                          0x08001815   Thumb Code   146  stm32h7xx_hal_adc.o(i.ADC_DMAConvCplt)
    ADC_DMAError                             0x080018a7   Thumb Code    30  stm32h7xx_hal_adc.o(i.ADC_DMAError)
    ADC_DMAHalfConvCplt                      0x080018c5   Thumb Code    14  stm32h7xx_hal_adc.o(i.ADC_DMAHalfConvCplt)
    ADC_Disable                              0x080018d5   Thumb Code   142  stm32h7xx_hal_adc.o(i.ADC_Disable)
    ADC_Enable                               0x08001969   Thumb Code   182  stm32h7xx_hal_adc.o(i.ADC_Enable)
    ADC_IRQHandler                           0x08001a35   Thumb Code    10  stm32h7xx_it.o(i.ADC_IRQHandler)
    BusFault_Handler                         0x08001a45   Thumb Code     4  stm32h7xx_it.o(i.BusFault_Handler)
    DMA1_Stream0_IRQHandler                  0x08001a49   Thumb Code    10  stm32h7xx_it.o(i.DMA1_Stream0_IRQHandler)
    DebugMon_Handler                         0x08001fc5   Thumb Code     2  stm32h7xx_it.o(i.DebugMon_Handler)
    Error_Handler                            0x08001fc7   Thumb Code     6  main.o(i.Error_Handler)
    ExitRun0Mode                             0x08001fcd   Thumb Code    30  system_stm32h7xx.o(i.ExitRun0Mode)
    FFT_Calcular_win                         0x08001ff1   Thumb Code   244  cfft_f32.o(i.FFT_Calcular_win)
    HAL_ADCEx_Calibration_Start              0x0800210d   Thumb Code   174  stm32h7xx_hal_adc_ex.o(i.HAL_ADCEx_Calibration_Start)
    HAL_ADCEx_EndOfSamplingCallback          0x080021c5   Thumb Code     2  stm32h7xx_hal_adc_ex.o(i.HAL_ADCEx_EndOfSamplingCallback)
    HAL_ADCEx_InjectedConvCpltCallback       0x080021c7   Thumb Code     2  stm32h7xx_hal_adc_ex.o(i.HAL_ADCEx_InjectedConvCpltCallback)
    HAL_ADCEx_InjectedQueueOverflowCallback  0x080021c9   Thumb Code     2  stm32h7xx_hal_adc_ex.o(i.HAL_ADCEx_InjectedQueueOverflowCallback)
    HAL_ADCEx_LevelOutOfWindow2Callback      0x080021cb   Thumb Code     2  stm32h7xx_hal_adc_ex.o(i.HAL_ADCEx_LevelOutOfWindow2Callback)
    HAL_ADCEx_LevelOutOfWindow3Callback      0x080021cd   Thumb Code     2  stm32h7xx_hal_adc_ex.o(i.HAL_ADCEx_LevelOutOfWindow3Callback)
    HAL_ADCEx_MultiModeConfigChannel         0x080021d1   Thumb Code   336  stm32h7xx_hal_adc_ex.o(i.HAL_ADCEx_MultiModeConfigChannel)
    HAL_ADC_ConfigChannel                    0x08002335   Thumb Code  1420  stm32h7xx_hal_adc.o(i.HAL_ADC_ConfigChannel)
    HAL_ADC_ConvCpltCallback                 0x080028e9   Thumb Code    22  main.o(i.HAL_ADC_ConvCpltCallback)
    HAL_ADC_ConvHalfCpltCallback             0x08002909   Thumb Code     2  stm32h7xx_hal_adc.o(i.HAL_ADC_ConvHalfCpltCallback)
    HAL_ADC_ErrorCallback                    0x0800290b   Thumb Code     2  stm32h7xx_hal_adc.o(i.HAL_ADC_ErrorCallback)
    HAL_ADC_IRQHandler                       0x0800290d   Thumb Code   840  stm32h7xx_hal_adc.o(i.HAL_ADC_IRQHandler)
    HAL_ADC_Init                             0x08002c65   Thumb Code   608  stm32h7xx_hal_adc.o(i.HAL_ADC_Init)
    HAL_ADC_LevelOutOfWindowCallback         0x08002ef1   Thumb Code     2  stm32h7xx_hal_adc.o(i.HAL_ADC_LevelOutOfWindowCallback)
    HAL_ADC_MspInit                          0x08002ef5   Thumb Code   228  adc.o(i.HAL_ADC_MspInit)
    HAL_ADC_Start_DMA                        0x08002fe9   Thumb Code   278  stm32h7xx_hal_adc.o(i.HAL_ADC_Start_DMA)
    HAL_DMA_Abort                            0x0800311d   Thumb Code  1236  stm32h7xx_hal_dma.o(i.HAL_DMA_Abort)
    HAL_DMA_Abort_IT                         0x080035f9   Thumb Code   906  stm32h7xx_hal_dma.o(i.HAL_DMA_Abort_IT)
    HAL_DMA_IRQHandler                       0x08003991   Thumb Code  2798  stm32h7xx_hal_dma.o(i.HAL_DMA_IRQHandler)
    HAL_DMA_Init                             0x08004489   Thumb Code  1304  stm32h7xx_hal_dma.o(i.HAL_DMA_Init)
    HAL_DMA_Start_IT                         0x080049a9   Thumb Code   980  stm32h7xx_hal_dma.o(i.HAL_DMA_Start_IT)
    HAL_Delay                                0x08004d89   Thumb Code    36  stm32h7xx_hal.o(i.HAL_Delay)
    HAL_GPIO_Init                            0x08004db1   Thumb Code   456  stm32h7xx_hal_gpio.o(i.HAL_GPIO_Init)
    HAL_GetREVID                             0x08004fad   Thumb Code     8  stm32h7xx_hal.o(i.HAL_GetREVID)
    HAL_GetTick                              0x08004fb9   Thumb Code     6  stm32h7xx_hal.o(i.HAL_GetTick)
    HAL_IncTick                              0x08004fc5   Thumb Code    16  stm32h7xx_hal.o(i.HAL_IncTick)
    HAL_Init                                 0x08004fdd   Thumb Code    80  stm32h7xx_hal.o(i.HAL_Init)
    HAL_InitTick                             0x0800503d   Thumb Code    74  stm32h7xx_hal.o(i.HAL_InitTick)
    HAL_MPU_ConfigRegion                     0x08005095   Thumb Code    86  stm32h7xx_hal_cortex.o(i.HAL_MPU_ConfigRegion)
    HAL_MPU_Disable                          0x080050f1   Thumb Code    38  stm32h7xx_hal_cortex.o(i.HAL_MPU_Disable)
    HAL_MPU_Enable                           0x0800511d   Thumb Code    58  stm32h7xx_hal_cortex.o(i.HAL_MPU_Enable)
    HAL_MspInit                              0x0800515d   Thumb Code    32  stm32h7xx_hal_msp.o(i.HAL_MspInit)
    HAL_NVIC_EnableIRQ                       0x08005181   Thumb Code    40  stm32h7xx_hal_cortex.o(i.HAL_NVIC_EnableIRQ)
    HAL_NVIC_SetPriority                     0x080051a9   Thumb Code   122  stm32h7xx_hal_cortex.o(i.HAL_NVIC_SetPriority)
    HAL_NVIC_SetPriorityGrouping             0x08005225   Thumb Code    32  stm32h7xx_hal_cortex.o(i.HAL_NVIC_SetPriorityGrouping)
    HAL_PWREx_ConfigSupply                   0x0800524d   Thumb Code    90  stm32h7xx_hal_pwr_ex.o(i.HAL_PWREx_ConfigSupply)
    HAL_RCCEx_GetD3PCLK1Freq                 0x080052ad   Thumb Code    26  stm32h7xx_hal_rcc_ex.o(i.HAL_RCCEx_GetD3PCLK1Freq)
    HAL_RCCEx_GetPLL1ClockFreq               0x080052d1   Thumb Code   536  stm32h7xx_hal_rcc_ex.o(i.HAL_RCCEx_GetPLL1ClockFreq)
    HAL_RCCEx_GetPLL2ClockFreq               0x08005501   Thumb Code   536  stm32h7xx_hal_rcc_ex.o(i.HAL_RCCEx_GetPLL2ClockFreq)
    HAL_RCCEx_GetPLL3ClockFreq               0x08005731   Thumb Code   536  stm32h7xx_hal_rcc_ex.o(i.HAL_RCCEx_GetPLL3ClockFreq)
    HAL_RCCEx_GetPeriphCLKFreq               0x08005961   Thumb Code  2216  stm32h7xx_hal_rcc_ex.o(i.HAL_RCCEx_GetPeriphCLKFreq)
    HAL_RCCEx_PeriphCLKConfig                0x08006211   Thumb Code  3432  stm32h7xx_hal_rcc_ex.o(i.HAL_RCCEx_PeriphCLKConfig)
    HAL_RCC_ClockConfig                      0x08006f79   Thumb Code   774  stm32h7xx_hal_rcc.o(i.HAL_RCC_ClockConfig)
    HAL_RCC_GetHCLKFreq                      0x08007299   Thumb Code    60  stm32h7xx_hal_rcc.o(i.HAL_RCC_GetHCLKFreq)
    HAL_RCC_GetPCLK1Freq                     0x080072e5   Thumb Code    26  stm32h7xx_hal_rcc.o(i.HAL_RCC_GetPCLK1Freq)
    HAL_RCC_GetPCLK2Freq                     0x08007309   Thumb Code    26  stm32h7xx_hal_rcc.o(i.HAL_RCC_GetPCLK2Freq)
    HAL_RCC_GetSysClockFreq                  0x0800732d   Thumb Code   524  stm32h7xx_hal_rcc.o(i.HAL_RCC_GetSysClockFreq)
    HAL_RCC_OscConfig                        0x08007559   Thumb Code  2130  stm32h7xx_hal_rcc.o(i.HAL_RCC_OscConfig)
    HAL_SYSCFG_AnalogSwitchConfig            0x08007db1   Thumb Code    14  stm32h7xx_hal.o(i.HAL_SYSCFG_AnalogSwitchConfig)
    HAL_SYSTICK_Config                       0x08007dc5   Thumb Code    52  stm32h7xx_hal_cortex.o(i.HAL_SYSTICK_Config)
    HAL_TIMEx_MasterConfigSynchronization    0x08007df9   Thumb Code   174  stm32h7xx_hal_tim_ex.o(i.HAL_TIMEx_MasterConfigSynchronization)
    HAL_TIM_Base_Init                        0x08007ec5   Thumb Code   110  stm32h7xx_hal_tim.o(i.HAL_TIM_Base_Init)
    HAL_TIM_Base_MspInit                     0x08007f35   Thumb Code    40  tim.o(i.HAL_TIM_Base_MspInit)
    HAL_TIM_Base_Start                       0x08007f65   Thumb Code   134  stm32h7xx_hal_tim.o(i.HAL_TIM_Base_Start)
    HAL_TIM_Base_Stop                        0x0800800d   Thumb Code    50  stm32h7xx_hal_tim.o(i.HAL_TIM_Base_Stop)
    HAL_UARTEx_DisableFifoMode               0x0800803f   Thumb Code    78  stm32h7xx_hal_uart_ex.o(i.HAL_UARTEx_DisableFifoMode)
    HAL_UARTEx_RxEventCallback               0x0800808d   Thumb Code     2  stm32h7xx_hal_uart.o(i.HAL_UARTEx_RxEventCallback)
    HAL_UARTEx_RxFifoFullCallback            0x0800808f   Thumb Code     2  stm32h7xx_hal_uart_ex.o(i.HAL_UARTEx_RxFifoFullCallback)
    HAL_UARTEx_SetRxFifoThreshold            0x08008091   Thumb Code    94  stm32h7xx_hal_uart_ex.o(i.HAL_UARTEx_SetRxFifoThreshold)
    HAL_UARTEx_SetTxFifoThreshold            0x080080ef   Thumb Code    94  stm32h7xx_hal_uart_ex.o(i.HAL_UARTEx_SetTxFifoThreshold)
    HAL_UARTEx_TxFifoEmptyCallback           0x0800814d   Thumb Code     2  stm32h7xx_hal_uart_ex.o(i.HAL_UARTEx_TxFifoEmptyCallback)
    HAL_UARTEx_WakeupCallback                0x0800814f   Thumb Code     2  stm32h7xx_hal_uart_ex.o(i.HAL_UARTEx_WakeupCallback)
    HAL_UART_ErrorCallback                   0x08008151   Thumb Code     2  stm32h7xx_hal_uart.o(i.HAL_UART_ErrorCallback)
    HAL_UART_IRQHandler                      0x08008155   Thumb Code  1206  stm32h7xx_hal_uart.o(i.HAL_UART_IRQHandler)
    HAL_UART_Init                            0x0800860b   Thumb Code   120  stm32h7xx_hal_uart.o(i.HAL_UART_Init)
    HAL_UART_MspInit                         0x08008685   Thumb Code   160  usart.o(i.HAL_UART_MspInit)
    HAL_UART_Receive_IT                      0x08008731   Thumb Code    88  stm32h7xx_hal_uart.o(i.HAL_UART_Receive_IT)
    HAL_UART_RxCpltCallback                  0x0800878d   Thumb Code    36  main.o(i.HAL_UART_RxCpltCallback)
    HAL_UART_Transmit                        0x080087bd   Thumb Code   194  stm32h7xx_hal_uart.o(i.HAL_UART_Transmit)
    HAL_UART_TxCpltCallback                  0x0800887f   Thumb Code     2  stm32h7xx_hal_uart.o(i.HAL_UART_TxCpltCallback)
    Hanning_Win                              0x08008881   Thumb Code    96  window.o(i.Hanning_Win)
    HardFault_Handler                        0x080088e9   Thumb Code     4  stm32h7xx_it.o(i.HardFault_Handler)
    MX_ADC1_Init                             0x080089dd   Thumb Code   166  adc.o(i.MX_ADC1_Init)
    MX_DMA_Init                              0x08008a8d   Thumb Code    48  dma.o(i.MX_DMA_Init)
    MX_GPIO_Init                             0x08008ac1   Thumb Code    84  gpio.o(i.MX_GPIO_Init)
    MX_TIM6_Init                             0x08008b19   Thumb Code    68  tim.o(i.MX_TIM6_Init)
    MX_USART1_UART_Init                      0x08008b65   Thumb Code    98  usart.o(i.MX_USART1_UART_Init)
    MemManage_Handler                        0x08008bd1   Thumb Code     4  stm32h7xx_it.o(i.MemManage_Handler)
    NMI_Handler                              0x08008bd5   Thumb Code     4  stm32h7xx_it.o(i.NMI_Handler)
    PendSV_Handler                           0x08008bd9   Thumb Code     2  stm32h7xx_it.o(i.PendSV_Handler)
    SVC_Handler                              0x08008ea5   Thumb Code     2  stm32h7xx_it.o(i.SVC_Handler)
    SysTick_Handler                          0x08008ea7   Thumb Code     8  stm32h7xx_it.o(i.SysTick_Handler)
    SystemClock_Config                       0x08008eb1   Thumb Code   202  main.o(i.SystemClock_Config)
    SystemInit                               0x08008f85   Thumb Code   256  system_stm32h7xx.o(i.SystemInit)
    TIM_Base_SetConfig                       0x080090ad   Thumb Code   178  stm32h7xx_hal_tim.o(i.TIM_Base_SetConfig)
    UART_AdvFeatureConfig                    0x080091d9   Thumb Code   248  stm32h7xx_hal_uart.o(i.UART_AdvFeatureConfig)
    UART_CheckIdleState                      0x080092d1   Thumb Code   234  stm32h7xx_hal_uart.o(i.UART_CheckIdleState)
    UART_SetConfig                           0x08009a71   Thumb Code  1402  stm32h7xx_hal_uart.o(i.UART_SetConfig)
    UART_Start_Receive_IT                    0x08009ffd   Thumb Code   332  stm32h7xx_hal_uart.o(i.UART_Start_Receive_IT)
    UART_WaitOnFlagUntilTimeout              0x0800a159   Thumb Code   172  stm32h7xx_hal_uart.o(i.UART_WaitOnFlagUntilTimeout)
    USART1_IRQHandler                        0x0800a205   Thumb Code    10  stm32h7xx_it.o(i.USART1_IRQHandler)
    UsageFault_Handler                       0x0800a215   Thumb Code     4  stm32h7xx_it.o(i.UsageFault_Handler)
    __0printf                                0x0800a219   Thumb Code    22  printfa.o(i.__0printf)
    __1printf                                0x0800a219   Thumb Code     0  printfa.o(i.__0printf)
    __2printf                                0x0800a219   Thumb Code     0  printfa.o(i.__0printf)
    __c89printf                              0x0800a219   Thumb Code     0  printfa.o(i.__0printf)
    printf                                   0x0800a219   Thumb Code     0  printfa.o(i.__0printf)
    __ARM_fpclassify                         0x0800a239   Thumb Code    48  fpclassify.o(i.__ARM_fpclassify)
    __hardfp_cos                             0x0800a2a1   Thumb Code   158  cos.o(i.__hardfp_cos)
    __hardfp_pow                             0x0800a351   Thumb Code  2140  pow.o(i.__hardfp_pow)
    __hardfp_sqrt                            0x0800ac49   Thumb Code   102  sqrt.o(i.__hardfp_sqrt)
    __hardfp_sqrtf                           0x0800acaf   Thumb Code    58  sqrtf.o(i.__hardfp_sqrtf)
    __ieee754_rem_pio2                       0x0800ace9   Thumb Code   646  rred.o(i.__ieee754_rem_pio2)
    __kernel_cos                             0x0800aff9   Thumb Code   182  cos_i.o(i.__kernel_cos)
    __kernel_poly                            0x0800b0d9   Thumb Code   112  poly.o(i.__kernel_poly)
    __kernel_sin                             0x0800b149   Thumb Code   144  sin_i.o(i.__kernel_sin)
    __mathlib_dbl_divzero                    0x0800b1f1   Thumb Code    14  dunder.o(i.__mathlib_dbl_divzero)
    __mathlib_dbl_infnan2                    0x0800b211   Thumb Code     6  dunder.o(i.__mathlib_dbl_infnan2)
    __mathlib_dbl_invalid                    0x0800b219   Thumb Code    10  dunder.o(i.__mathlib_dbl_invalid)
    __mathlib_dbl_overflow                   0x0800b231   Thumb Code    10  dunder.o(i.__mathlib_dbl_overflow)
    __mathlib_dbl_underflow                  0x0800b249   Thumb Code    10  dunder.o(i.__mathlib_dbl_underflow)
    __scatterload_copy                       0x0800b261   Thumb Code    14  handlers.o(i.__scatterload_copy)
    __scatterload_null                       0x0800b26f   Thumb Code     2  handlers.o(i.__scatterload_null)
    __scatterload_zeroinit                   0x0800b271   Thumb Code    14  handlers.o(i.__scatterload_zeroinit)
    __set_errno                              0x0800b281   Thumb Code     6  errno.o(i.__set_errno)
    adc1_tim6_getdata_4M                     0x0800bb41   Thumb Code    36  fft_handle.o(i.adc1_tim6_getdata_4M)
    analyzeWavePeaks                         0x0800bb71   Thumb Code   476  judge.o(i.analyzeWavePeaks)
    baseFreq_index                           0x0800be21   Thumb Code    28  fft_handle.o(i.baseFreq_index)
    compare_wavepeak                         0x0800be3d   Thumb Code    58  main.o(i.compare_wavepeak)
    fabs                                     0x0800be77   Thumb Code    24  fabs.o(i.fabs)
    fputc                                    0x0800be91   Thumb Code    22  usart.o(i.fputc)
    free                                     0x0800bead   Thumb Code    76  malloc.o(i.free)
    main                                     0x0800befd   Thumb Code   304  main.o(i.main)
    malloc                                   0x0800c085   Thumb Code    92  malloc.o(i.malloc)
    sqrt                                     0x0800c0f1   Thumb Code   106  sqrt.o(i.sqrt)
    value_peak_corr                          0x0800c15b   Thumb Code   312  fft_handle.o(i.value_peak_corr)
    waveindex_get                            0x0800c295   Thumb Code   210  fft_handle.o(i.waveindex_get)
    UARTPrescTable                           0x0800c378   Data          24  stm32h7xx_hal_uart.o(.constdata)
    D1CorePrescTable                         0x0800c3a0   Data          16  system_stm32h7xx.o(.constdata)
    __mathlib_zero                           0x0800c468   Data           8  qnan.o(.constdata)
    armBitRevIndexTable4096                  0x0800c560   Data        8064  arm_common_tables.o(.rodata.armBitRevIndexTable4096)
    arm_cfft_sR_f32_len4096                  0x0800e4e0   Data          16  arm_const_structs.o(.rodata.arm_cfft_sR_f32_len4096)
    twiddleCoef_4096                         0x0800e4f0   Data       32768  arm_common_tables.o(.rodata.twiddleCoef_4096)
    Region$$Table$$Base                      0x080164f0   Number         0  anon$$obj.o(Region$$Table)
    Region$$Table$$Limit                     0x08016510   Number         0  anon$$obj.o(Region$$Table)
    rx_data                                  0x24000000   Data           1  main.o(.data)
    adc_flag                                 0x24000001   Data           1  main.o(.data)
    adc_cpltflag                             0x24000002   Data           1  main.o(.data)
    tim6_psc                                 0x24000004   Data           2  main.o(.data)
    valid_data_start                         0x24000008   Data           4  main.o(.data)
    basewave_value                           0x2400000c   Data           4  main.o(.data)
    basewave_index                           0x24000010   Data           2  main.o(.data)
    wavepeak_counter                         0x24000012   Data           1  main.o(.data)
    freq_1                                   0x24000014   Data           4  main.o(.data)
    freq_2                                   0x24000018   Data           4  main.o(.data)
    uwTick                                   0x2400001c   Data           4  stm32h7xx_hal.o(.data)
    uwTickPrio                               0x24000020   Data           4  stm32h7xx_hal.o(.data)
    uwTickFreq                               0x24000024   Data           1  stm32h7xx_hal.o(.data)
    SystemCoreClock                          0x24000028   Data           4  system_stm32h7xx.o(.data)
    SystemD2Clock                            0x2400002c   Data           4  system_stm32h7xx.o(.data)
    __stdout                                 0x24000030   Data           4  stdout.o(.data)
    __microlib_freelist                      0x24000034   Data           4  mvars.o(.data)
    __microlib_freelist_initialised          0x24000038   Data           4  mvars.o(.data)
    Window                                   0x24000040   Data       16384  main.o(.bss)
    scfft                                    0x24004040   Data          20  main.o(.bss)
    FFT_InputBuf                             0x24004054   Data       32768  main.o(.bss)
    FFT_OutputBuf                            0x2400c054   Data       16384  main.o(.bss)
    wavepeak_index                           0x2401207c   Data          20  main.o(.bss)
    value_peak                               0x24012090   Data          40  main.o(.bss)
    hadc1                                    0x240120b8   Data         100  adc.o(.bss)
    hdma_adc1                                0x2401211c   Data         120  adc.o(.bss)
    htim6                                    0x24012194   Data          76  tim.o(.bss)
    huart1                                   0x240121e0   Data         148  usart.o(.bss)
    __heap_base                              0x24012278   Data           0  startup_stm32h743xx.o(HEAP)
    __heap_limit                             0x24012478   Data           0  startup_stm32h743xx.o(HEAP)
    __initial_sp                             0x24012878   Data           0  startup_stm32h743xx.o(STACK)



==============================================================================

Memory Map of the image

  Image Entry point : 0x08000299

  Load Region LR_IROM1 (Base: 0x08000000, Size: 0x00016550, Max: 0x00200000, ABSOLUTE)

    Execution Region ER_IROM1 (Exec base: 0x08000000, Load base: 0x08000000, Size: 0x00016510, Max: 0x00200000, ABSOLUTE)

    Exec Addr    Load Addr    Size         Type   Attr      Idx    E Section Name        Object

    0x08000000   0x08000000   0x00000298   Data   RO            3    RESET               startup_stm32h743xx.o
    0x08000298   0x08000298   0x00000000   Code   RO         5593  * .ARM.Collect$$$$00000000  mc_w.l(entry.o)
    0x08000298   0x08000298   0x00000004   Code   RO         5930    .ARM.Collect$$$$00000001  mc_w.l(entry2.o)
    0x0800029c   0x0800029c   0x00000004   Code   RO         5933    .ARM.Collect$$$$00000004  mc_w.l(entry5.o)
    0x080002a0   0x080002a0   0x00000000   Code   RO         5935    .ARM.Collect$$$$00000008  mc_w.l(entry7b.o)
    0x080002a0   0x080002a0   0x00000000   Code   RO         5937    .ARM.Collect$$$$0000000A  mc_w.l(entry8b.o)
    0x080002a0   0x080002a0   0x00000008   Code   RO         5938    .ARM.Collect$$$$0000000B  mc_w.l(entry9a.o)
    0x080002a8   0x080002a8   0x00000000   Code   RO         5940    .ARM.Collect$$$$0000000D  mc_w.l(entry10a.o)
    0x080002a8   0x080002a8   0x00000000   Code   RO         5942    .ARM.Collect$$$$0000000F  mc_w.l(entry11a.o)
    0x080002a8   0x080002a8   0x00000004   Code   RO         5931    .ARM.Collect$$$$00002712  mc_w.l(entry2.o)
    0x080002ac   0x080002ac   0x0000002c   Code   RO            4    .text               startup_stm32h743xx.o
    0x080002d8   0x080002d8   0x00000062   Code   RO         5596    .text               mc_w.l(uldiv.o)
    0x0800033a   0x0800033a   0x0000009c   Code   RO         5598    .text               mc_w.l(qsort.o)
    0x080003d6   0x080003d6   0x00000024   Code   RO         5600    .text               mc_w.l(memseta.o)
    0x080003fa   0x080003fa   0x0000002c   Code   RO         5945    .text               mc_w.l(uidiv.o)
    0x08000426   0x08000426   0x0000001e   Code   RO         5947    .text               mc_w.l(llshl.o)
    0x08000444   0x08000444   0x00000020   Code   RO         5949    .text               mc_w.l(llushr.o)
    0x08000464   0x08000464   0x00000000   Code   RO         5964    .text               mc_w.l(iusefp.o)
    0x08000464   0x08000464   0x0000014e   Code   RO         5965    .text               mf_w.l(dadd.o)
    0x080005b2   0x080005b2   0x000000e4   Code   RO         5967    .text               mf_w.l(dmul.o)
    0x08000696   0x08000696   0x000000de   Code   RO         5969    .text               mf_w.l(ddiv.o)
    0x08000774   0x08000774   0x0000002e   Code   RO         5971    .text               mf_w.l(dscalb.o)
    0x080007a2   0x080007a2   0x00000030   Code   RO         5973    .text               mf_w.l(dfixul.o)
    0x080007d2   0x080007d2   0x00000002   PAD
    0x080007d4   0x080007d4   0x00000030   Code   RO         5975    .text               mf_w.l(cdrcmple.o)
    0x08000804   0x08000804   0x00000024   Code   RO         5977    .text               mc_w.l(init.o)
    0x08000828   0x08000828   0x00000024   Code   RO         5979    .text               mc_w.l(llsshr.o)
    0x0800084c   0x0800084c   0x000000ba   Code   RO         5981    .text               mf_w.l(depilogue.o)
    0x08000906   0x08000906   0x00000002   PAD
    0x08000908   0x08000908   0x0000004c   Code   RO         5426    .text.arm_bitreversal_32  arm_cortexM7lfsp_math.lib(arm_bitreversal2.o)
    0x08000954   0x08000954   0x000000dc   Code   RO         5346    .text.arm_cfft_f32  arm_cortexM7lfsp_math.lib(arm_cfft_f32.o)
    0x08000a30   0x08000a30   0x0000017e   Code   RO         5342    .text.arm_cfft_radix8by2_f32  arm_cortexM7lfsp_math.lib(arm_cfft_f32.o)
    0x08000bae   0x08000bae   0x00000002   PAD
    0x08000bb0   0x08000bb0   0x000003dc   Code   RO         5344    .text.arm_cfft_radix8by4_f32  arm_cortexM7lfsp_math.lib(arm_cfft_f32.o)
    0x08000f8c   0x08000f8c   0x00000138   Code   RO         5331    .text.arm_cmplx_mag_f32  arm_cortexM7lfsp_math.lib(arm_cmplx_mag_f32.o)
    0x080010c4   0x080010c4   0x000000c6   Code   RO         5357    .text.arm_max_f32   arm_cortexM7lfsp_math.lib(arm_max_f32.o)
    0x0800118a   0x0800118a   0x00000002   PAD
    0x0800118c   0x0800118c   0x00000524   Code   RO         5439    .text.arm_radix8_butterfly_f32  arm_cortexM7lfsp_math.lib(arm_cfft_radix8_f32.o)
    0x080016b0   0x080016b0   0x00000164   Code   RO          583    i.ADC_ConfigureBoostMode  stm32h7xx_hal_adc.o
    0x08001814   0x08001814   0x00000092   Code   RO          585    i.ADC_DMAConvCplt   stm32h7xx_hal_adc.o
    0x080018a6   0x080018a6   0x0000001e   Code   RO          586    i.ADC_DMAError      stm32h7xx_hal_adc.o
    0x080018c4   0x080018c4   0x0000000e   Code   RO          587    i.ADC_DMAHalfConvCplt  stm32h7xx_hal_adc.o
    0x080018d2   0x080018d2   0x00000002   PAD
    0x080018d4   0x080018d4   0x00000094   Code   RO          588    i.ADC_Disable       stm32h7xx_hal_adc.o
    0x08001968   0x08001968   0x000000cc   Code   RO          589    i.ADC_Enable        stm32h7xx_hal_adc.o
    0x08001a34   0x08001a34   0x00000010   Code   RO          465    i.ADC_IRQHandler    stm32h7xx_it.o
    0x08001a44   0x08001a44   0x00000004   Code   RO          466    i.BusFault_Handler  stm32h7xx_it.o
    0x08001a48   0x08001a48   0x00000010   Code   RO          467    i.DMA1_Stream0_IRQHandler  stm32h7xx_it.o
    0x08001a58   0x08001a58   0x000000ec   Code   RO         1811    i.DMA_CalcBaseAndBitshift  stm32h7xx_hal_dma.o
    0x08001b44   0x08001b44   0x000000c4   Code   RO         1812    i.DMA_CalcDMAMUXChannelBaseAndMask  stm32h7xx_hal_dma.o
    0x08001c08   0x08001c08   0x00000098   Code   RO         1813    i.DMA_CalcDMAMUXRequestGenBaseAndMask  stm32h7xx_hal_dma.o
    0x08001ca0   0x08001ca0   0x000000ae   Code   RO         1814    i.DMA_CheckFifoParam  stm32h7xx_hal_dma.o
    0x08001d4e   0x08001d4e   0x00000002   PAD
    0x08001d50   0x08001d50   0x00000274   Code   RO         1815    i.DMA_SetConfig     stm32h7xx_hal_dma.o
    0x08001fc4   0x08001fc4   0x00000002   Code   RO          468    i.DebugMon_Handler  stm32h7xx_it.o
    0x08001fc6   0x08001fc6   0x00000006   Code   RO           13    i.Error_Handler     main.o
    0x08001fcc   0x08001fcc   0x00000024   Code   RO         5152    i.ExitRun0Mode      system_stm32h7xx.o
    0x08001ff0   0x08001ff0   0x0000011c   Code   RO         5195    i.FFT_Calcular_win  cfft_f32.o
    0x0800210c   0x0800210c   0x000000b8   Code   RO          840    i.HAL_ADCEx_Calibration_Start  stm32h7xx_hal_adc_ex.o
    0x080021c4   0x080021c4   0x00000002   Code   RO          844    i.HAL_ADCEx_EndOfSamplingCallback  stm32h7xx_hal_adc_ex.o
    0x080021c6   0x080021c6   0x00000002   Code   RO          847    i.HAL_ADCEx_InjectedConvCpltCallback  stm32h7xx_hal_adc_ex.o
    0x080021c8   0x080021c8   0x00000002   Code   RO          850    i.HAL_ADCEx_InjectedQueueOverflowCallback  stm32h7xx_hal_adc_ex.o
    0x080021ca   0x080021ca   0x00000002   Code   RO          855    i.HAL_ADCEx_LevelOutOfWindow2Callback  stm32h7xx_hal_adc_ex.o
    0x080021cc   0x080021cc   0x00000002   Code   RO          856    i.HAL_ADCEx_LevelOutOfWindow3Callback  stm32h7xx_hal_adc_ex.o
    0x080021ce   0x080021ce   0x00000002   PAD
    0x080021d0   0x080021d0   0x00000164   Code   RO          860    i.HAL_ADCEx_MultiModeConfigChannel  stm32h7xx_hal_adc_ex.o
    0x08002334   0x08002334   0x000005b4   Code   RO          591    i.HAL_ADC_ConfigChannel  stm32h7xx_hal_adc.o
    0x080028e8   0x080028e8   0x00000020   Code   RO           14    i.HAL_ADC_ConvCpltCallback  main.o
    0x08002908   0x08002908   0x00000002   Code   RO          593    i.HAL_ADC_ConvHalfCpltCallback  stm32h7xx_hal_adc.o
    0x0800290a   0x0800290a   0x00000002   Code   RO          595    i.HAL_ADC_ErrorCallback  stm32h7xx_hal_adc.o
    0x0800290c   0x0800290c   0x00000358   Code   RO          599    i.HAL_ADC_IRQHandler  stm32h7xx_hal_adc.o
    0x08002c64   0x08002c64   0x0000028c   Code   RO          600    i.HAL_ADC_Init      stm32h7xx_hal_adc.o
    0x08002ef0   0x08002ef0   0x00000002   Code   RO          601    i.HAL_ADC_LevelOutOfWindowCallback  stm32h7xx_hal_adc.o
    0x08002ef2   0x08002ef2   0x00000002   PAD
    0x08002ef4   0x08002ef4   0x000000f4   Code   RO          288    i.HAL_ADC_MspInit   adc.o
    0x08002fe8   0x08002fe8   0x00000134   Code   RO          607    i.HAL_ADC_Start_DMA  stm32h7xx_hal_adc.o
    0x0800311c   0x0800311c   0x000004dc   Code   RO         1816    i.HAL_DMA_Abort     stm32h7xx_hal_dma.o
    0x080035f8   0x080035f8   0x00000398   Code   RO         1817    i.HAL_DMA_Abort_IT  stm32h7xx_hal_dma.o
    0x08003990   0x08003990   0x00000af8   Code   RO         1821    i.HAL_DMA_IRQHandler  stm32h7xx_hal_dma.o
    0x08004488   0x08004488   0x00000520   Code   RO         1822    i.HAL_DMA_Init      stm32h7xx_hal_dma.o
    0x080049a8   0x080049a8   0x000003e0   Code   RO         1826    i.HAL_DMA_Start_IT  stm32h7xx_hal_dma.o
    0x08004d88   0x08004d88   0x00000028   Code   RO         2683    i.HAL_Delay         stm32h7xx_hal.o
    0x08004db0   0x08004db0   0x000001fc   Code   RO         1664    i.HAL_GPIO_Init     stm32h7xx_hal_gpio.o
    0x08004fac   0x08004fac   0x0000000c   Code   RO         2694    i.HAL_GetREVID      stm32h7xx_hal.o
    0x08004fb8   0x08004fb8   0x0000000c   Code   RO         2695    i.HAL_GetTick       stm32h7xx_hal.o
    0x08004fc4   0x08004fc4   0x00000018   Code   RO         2701    i.HAL_IncTick       stm32h7xx_hal.o
    0x08004fdc   0x08004fdc   0x00000060   Code   RO         2702    i.HAL_Init          stm32h7xx_hal.o
    0x0800503c   0x0800503c   0x00000058   Code   RO         2703    i.HAL_InitTick      stm32h7xx_hal.o
    0x08005094   0x08005094   0x0000005c   Code   RO         2519    i.HAL_MPU_ConfigRegion  stm32h7xx_hal_cortex.o
    0x080050f0   0x080050f0   0x0000002c   Code   RO         2520    i.HAL_MPU_Disable   stm32h7xx_hal_cortex.o
    0x0800511c   0x0800511c   0x00000040   Code   RO         2522    i.HAL_MPU_Enable    stm32h7xx_hal_cortex.o
    0x0800515c   0x0800515c   0x00000024   Code   RO          559    i.HAL_MspInit       stm32h7xx_hal_msp.o
    0x08005180   0x08005180   0x00000028   Code   RO         2526    i.HAL_NVIC_EnableIRQ  stm32h7xx_hal_cortex.o
    0x080051a8   0x080051a8   0x0000007a   Code   RO         2532    i.HAL_NVIC_SetPriority  stm32h7xx_hal_cortex.o
    0x08005222   0x08005222   0x00000002   PAD
    0x08005224   0x08005224   0x00000028   Code   RO         2533    i.HAL_NVIC_SetPriorityGrouping  stm32h7xx_hal_cortex.o
    0x0800524c   0x0800524c   0x00000060   Code   RO         2265    i.HAL_PWREx_ConfigSupply  stm32h7xx_hal_pwr_ex.o
    0x080052ac   0x080052ac   0x00000024   Code   RO         1215    i.HAL_RCCEx_GetD3PCLK1Freq  stm32h7xx_hal_rcc_ex.o
    0x080052d0   0x080052d0   0x00000230   Code   RO         1216    i.HAL_RCCEx_GetPLL1ClockFreq  stm32h7xx_hal_rcc_ex.o
    0x08005500   0x08005500   0x00000230   Code   RO         1217    i.HAL_RCCEx_GetPLL2ClockFreq  stm32h7xx_hal_rcc_ex.o
    0x08005730   0x08005730   0x00000230   Code   RO         1218    i.HAL_RCCEx_GetPLL3ClockFreq  stm32h7xx_hal_rcc_ex.o
    0x08005960   0x08005960   0x000008b0   Code   RO         1220    i.HAL_RCCEx_GetPeriphCLKFreq  stm32h7xx_hal_rcc_ex.o
    0x08006210   0x08006210   0x00000d68   Code   RO         1224    i.HAL_RCCEx_PeriphCLKConfig  stm32h7xx_hal_rcc_ex.o
    0x08006f78   0x08006f78   0x00000320   Code   RO         1100    i.HAL_RCC_ClockConfig  stm32h7xx_hal_rcc.o
    0x08007298   0x08007298   0x0000004c   Code   RO         1105    i.HAL_RCC_GetHCLKFreq  stm32h7xx_hal_rcc.o
    0x080072e4   0x080072e4   0x00000024   Code   RO         1107    i.HAL_RCC_GetPCLK1Freq  stm32h7xx_hal_rcc.o
    0x08007308   0x08007308   0x00000024   Code   RO         1108    i.HAL_RCC_GetPCLK2Freq  stm32h7xx_hal_rcc.o
    0x0800732c   0x0800732c   0x0000022c   Code   RO         1109    i.HAL_RCC_GetSysClockFreq  stm32h7xx_hal_rcc.o
    0x08007558   0x08007558   0x00000858   Code   RO         1112    i.HAL_RCC_OscConfig  stm32h7xx_hal_rcc.o
    0x08007db0   0x08007db0   0x00000014   Code   RO         2707    i.HAL_SYSCFG_AnalogSwitchConfig  stm32h7xx_hal.o
    0x08007dc4   0x08007dc4   0x00000034   Code   RO         2537    i.HAL_SYSTICK_Config  stm32h7xx_hal_cortex.o
    0x08007df8   0x08007df8   0x000000cc   Code   RO         4335    i.HAL_TIMEx_MasterConfigSynchronization  stm32h7xx_hal_tim_ex.o
    0x08007ec4   0x08007ec4   0x0000006e   Code   RO         3588    i.HAL_TIM_Base_Init  stm32h7xx_hal_tim.o
    0x08007f32   0x08007f32   0x00000002   PAD
    0x08007f34   0x08007f34   0x00000030   Code   RO          372    i.HAL_TIM_Base_MspInit  tim.o
    0x08007f64   0x08007f64   0x000000a8   Code   RO         3591    i.HAL_TIM_Base_Start  stm32h7xx_hal_tim.o
    0x0800800c   0x0800800c   0x00000032   Code   RO         3594    i.HAL_TIM_Base_Stop  stm32h7xx_hal_tim.o
    0x0800803e   0x0800803e   0x0000004e   Code   RO         5029    i.HAL_UARTEx_DisableFifoMode  stm32h7xx_hal_uart_ex.o
    0x0800808c   0x0800808c   0x00000002   Code   RO         4613    i.HAL_UARTEx_RxEventCallback  stm32h7xx_hal_uart.o
    0x0800808e   0x0800808e   0x00000002   Code   RO         5037    i.HAL_UARTEx_RxFifoFullCallback  stm32h7xx_hal_uart_ex.o
    0x08008090   0x08008090   0x0000005e   Code   RO         5038    i.HAL_UARTEx_SetRxFifoThreshold  stm32h7xx_hal_uart_ex.o
    0x080080ee   0x080080ee   0x0000005e   Code   RO         5039    i.HAL_UARTEx_SetTxFifoThreshold  stm32h7xx_hal_uart_ex.o
    0x0800814c   0x0800814c   0x00000002   Code   RO         5041    i.HAL_UARTEx_TxFifoEmptyCallback  stm32h7xx_hal_uart_ex.o
    0x0800814e   0x0800814e   0x00000002   Code   RO         5042    i.HAL_UARTEx_WakeupCallback  stm32h7xx_hal_uart_ex.o
    0x08008150   0x08008150   0x00000002   Code   RO         4629    i.HAL_UART_ErrorCallback  stm32h7xx_hal_uart.o
    0x08008152   0x08008152   0x00000002   PAD
    0x08008154   0x08008154   0x000004b6   Code   RO         4632    i.HAL_UART_IRQHandler  stm32h7xx_hal_uart.o
    0x0800860a   0x0800860a   0x00000078   Code   RO         4633    i.HAL_UART_Init     stm32h7xx_hal_uart.o
    0x08008682   0x08008682   0x00000002   PAD
    0x08008684   0x08008684   0x000000ac   Code   RO          414    i.HAL_UART_MspInit  usart.o
    0x08008730   0x08008730   0x0000005c   Code   RO         4638    i.HAL_UART_Receive_IT  stm32h7xx_hal_uart.o
    0x0800878c   0x0800878c   0x00000030   Code   RO           15    i.HAL_UART_RxCpltCallback  main.o
    0x080087bc   0x080087bc   0x000000c2   Code   RO         4642    i.HAL_UART_Transmit  stm32h7xx_hal_uart.o
    0x0800887e   0x0800887e   0x00000002   Code   RO         4645    i.HAL_UART_TxCpltCallback  stm32h7xx_hal_uart.o
    0x08008880   0x08008880   0x00000068   Code   RO         5286    i.Hanning_Win       window.o
    0x080088e8   0x080088e8   0x00000004   Code   RO          469    i.HardFault_Handler  stm32h7xx_it.o
    0x080088ec   0x080088ec   0x00000010   Code   RO          612    i.LL_ADC_Enable     stm32h7xx_hal_adc.o
    0x080088fc   0x080088fc   0x0000000a   Code   RO          613    i.LL_ADC_GetMultiDMATransfer  stm32h7xx_hal_adc.o
    0x08008906   0x08008906   0x0000000a   Code   RO          614    i.LL_ADC_GetMultimode  stm32h7xx_hal_adc.o
    0x08008910   0x08008910   0x0000000a   Code   RO          615    i.LL_ADC_INJ_IsConversionOngoing  stm32h7xx_hal_adc.o
    0x0800891a   0x0800891a   0x0000000a   Code   RO          616    i.LL_ADC_IsDisableOngoing  stm32h7xx_hal_adc.o
    0x08008924   0x08008924   0x0000000a   Code   RO          617    i.LL_ADC_IsEnabled  stm32h7xx_hal_adc.o
    0x0800892e   0x0800892e   0x0000000a   Code   RO          873    i.LL_ADC_IsEnabled  stm32h7xx_hal_adc_ex.o
    0x08008938   0x08008938   0x0000000a   Code   RO          618    i.LL_ADC_IsInternalRegulatorEnabled  stm32h7xx_hal_adc.o
    0x08008942   0x08008942   0x0000000a   Code   RO          619    i.LL_ADC_REG_IsConversionOngoing  stm32h7xx_hal_adc.o
    0x0800894c   0x0800894c   0x0000000a   Code   RO          874    i.LL_ADC_REG_IsConversionOngoing  stm32h7xx_hal_adc_ex.o
    0x08008956   0x08008956   0x00000012   Code   RO          620    i.LL_ADC_REG_IsTriggerSourceSWStart  stm32h7xx_hal_adc.o
    0x08008968   0x08008968   0x00000010   Code   RO          621    i.LL_ADC_REG_StartConversion  stm32h7xx_hal_adc.o
    0x08008978   0x08008978   0x0000000c   Code   RO          623    i.LL_ADC_SetCommonPathInternalCh  stm32h7xx_hal_adc.o
    0x08008984   0x08008984   0x00000056   Code   RO           16    i.MPU_Config        main.o
    0x080089da   0x080089da   0x00000002   PAD
    0x080089dc   0x080089dc   0x000000b0   Code   RO          289    i.MX_ADC1_Init      adc.o
    0x08008a8c   0x08008a8c   0x00000034   Code   RO          329    i.MX_DMA_Init       dma.o
    0x08008ac0   0x08008ac0   0x00000058   Code   RO          263    i.MX_GPIO_Init      gpio.o
    0x08008b18   0x08008b18   0x0000004c   Code   RO          373    i.MX_TIM6_Init      tim.o
    0x08008b64   0x08008b64   0x0000006c   Code   RO          415    i.MX_USART1_UART_Init  usart.o
    0x08008bd0   0x08008bd0   0x00000004   Code   RO          470    i.MemManage_Handler  stm32h7xx_it.o
    0x08008bd4   0x08008bd4   0x00000004   Code   RO          471    i.NMI_Handler       stm32h7xx_it.o
    0x08008bd8   0x08008bd8   0x00000002   Code   RO          472    i.PendSV_Handler    stm32h7xx_it.o
    0x08008bda   0x08008bda   0x00000002   PAD
    0x08008bdc   0x08008bdc   0x00000164   Code   RO         1227    i.RCCEx_PLL2_Config  stm32h7xx_hal_rcc_ex.o
    0x08008d40   0x08008d40   0x00000164   Code   RO         1228    i.RCCEx_PLL3_Config  stm32h7xx_hal_rcc_ex.o
    0x08008ea4   0x08008ea4   0x00000002   Code   RO          473    i.SVC_Handler       stm32h7xx_it.o
    0x08008ea6   0x08008ea6   0x00000008   Code   RO          474    i.SysTick_Handler   stm32h7xx_it.o
    0x08008eae   0x08008eae   0x00000002   PAD
    0x08008eb0   0x08008eb0   0x000000d4   Code   RO           17    i.SystemClock_Config  main.o
    0x08008f84   0x08008f84   0x00000128   Code   RO         5154    i.SystemInit        system_stm32h7xx.o
    0x080090ac   0x080090ac   0x000000d4   Code   RO         3681    i.TIM_Base_SetConfig  stm32h7xx_hal_tim.o
    0x08009180   0x08009180   0x00000058   Code   RO         5043    i.UARTEx_SetNbDataToProcess  stm32h7xx_hal_uart_ex.o
    0x080091d8   0x080091d8   0x000000f8   Code   RO         4647    i.UART_AdvFeatureConfig  stm32h7xx_hal_uart.o
    0x080092d0   0x080092d0   0x000000ea   Code   RO         4648    i.UART_CheckIdleState  stm32h7xx_hal_uart.o
    0x080093ba   0x080093ba   0x00000014   Code   RO         4649    i.UART_DMAAbortOnError  stm32h7xx_hal_uart.o
    0x080093ce   0x080093ce   0x00000002   PAD
    0x080093d0   0x080093d0   0x0000006c   Code   RO         4659    i.UART_EndRxTransfer  stm32h7xx_hal_uart.o
    0x0800943c   0x0800943c   0x00000030   Code   RO         4660    i.UART_EndTransmit_IT  stm32h7xx_hal_uart.o
    0x0800946c   0x0800946c   0x00000104   Code   RO         4662    i.UART_RxISR_16BIT  stm32h7xx_hal_uart.o
    0x08009570   0x08009570   0x00000200   Code   RO         4663    i.UART_RxISR_16BIT_FIFOEN  stm32h7xx_hal_uart.o
    0x08009770   0x08009770   0x00000104   Code   RO         4664    i.UART_RxISR_8BIT   stm32h7xx_hal_uart.o
    0x08009874   0x08009874   0x000001fc   Code   RO         4665    i.UART_RxISR_8BIT_FIFOEN  stm32h7xx_hal_uart.o
    0x08009a70   0x08009a70   0x0000058c   Code   RO         4666    i.UART_SetConfig    stm32h7xx_hal_uart.o
    0x08009ffc   0x08009ffc   0x0000015c   Code   RO         4668    i.UART_Start_Receive_IT  stm32h7xx_hal_uart.o
    0x0800a158   0x0800a158   0x000000ac   Code   RO         4673    i.UART_WaitOnFlagUntilTimeout  stm32h7xx_hal_uart.o
    0x0800a204   0x0800a204   0x00000010   Code   RO          475    i.USART1_IRQHandler  stm32h7xx_it.o
    0x0800a214   0x0800a214   0x00000004   Code   RO          476    i.UsageFault_Handler  stm32h7xx_it.o
    0x0800a218   0x0800a218   0x00000020   Code   RO         5835    i.__0printf         mc_w.l(printfa.o)
    0x0800a238   0x0800a238   0x00000030   Code   RO         5914    i.__ARM_fpclassify  m_wv.l(fpclassify.o)
    0x0800a268   0x0800a268   0x00000010   Code   RO         2539    i.__NVIC_GetPriorityGrouping  stm32h7xx_hal_cortex.o
    0x0800a278   0x0800a278   0x00000028   Code   RO         2540    i.__NVIC_SetPriority  stm32h7xx_hal_cortex.o
    0x0800a2a0   0x0800a2a0   0x000000b0   Code   RO         5543    i.__hardfp_cos      m_wv.l(cos.o)
    0x0800a350   0x0800a350   0x000008f8   Code   RO         5555    i.__hardfp_pow      m_wv.l(pow.o)
    0x0800ac48   0x0800ac48   0x00000066   Code   RO         5569    i.__hardfp_sqrt     m_wv.l(sqrt.o)
    0x0800acae   0x0800acae   0x0000003a   Code   RO         5581    i.__hardfp_sqrtf    m_wv.l(sqrtf.o)
    0x0800ace8   0x0800ace8   0x00000310   Code   RO         5919    i.__ieee754_rem_pio2  m_wv.l(rred.o)
    0x0800aff8   0x0800aff8   0x000000e0   Code   RO         5891    i.__kernel_cos      m_wv.l(cos_i.o)
    0x0800b0d8   0x0800b0d8   0x00000070   Code   RO         5916    i.__kernel_poly     m_wv.l(poly.o)
    0x0800b148   0x0800b148   0x000000a8   Code   RO         5924    i.__kernel_sin      m_wv.l(sin_i.o)
    0x0800b1f0   0x0800b1f0   0x00000020   Code   RO         5894    i.__mathlib_dbl_divzero  m_wv.l(dunder.o)
    0x0800b210   0x0800b210   0x00000006   Code   RO         5896    i.__mathlib_dbl_infnan2  m_wv.l(dunder.o)
    0x0800b216   0x0800b216   0x00000002   PAD
    0x0800b218   0x0800b218   0x00000018   Code   RO         5897    i.__mathlib_dbl_invalid  m_wv.l(dunder.o)
    0x0800b230   0x0800b230   0x00000018   Code   RO         5898    i.__mathlib_dbl_overflow  m_wv.l(dunder.o)
    0x0800b248   0x0800b248   0x00000018   Code   RO         5900    i.__mathlib_dbl_underflow  m_wv.l(dunder.o)
    0x0800b260   0x0800b260   0x0000000e   Code   RO         5985    i.__scatterload_copy  mc_w.l(handlers.o)
    0x0800b26e   0x0800b26e   0x00000002   Code   RO         5986    i.__scatterload_null  mc_w.l(handlers.o)
    0x0800b270   0x0800b270   0x0000000e   Code   RO         5987    i.__scatterload_zeroinit  mc_w.l(handlers.o)
    0x0800b27e   0x0800b27e   0x00000002   PAD
    0x0800b280   0x0800b280   0x0000000c   Code   RO         5959    i.__set_errno       mc_w.l(errno.o)
    0x0800b28c   0x0800b28c   0x00000184   Code   RO         5842    i._fp_digits        mc_w.l(printfa.o)
    0x0800b410   0x0800b410   0x000006dc   Code   RO         5843    i._printf_core      mc_w.l(printfa.o)
    0x0800baec   0x0800baec   0x00000024   Code   RO         5844    i._printf_post_padding  mc_w.l(printfa.o)
    0x0800bb10   0x0800bb10   0x0000002e   Code   RO         5845    i._printf_pre_padding  mc_w.l(printfa.o)
    0x0800bb3e   0x0800bb3e   0x00000002   PAD
    0x0800bb40   0x0800bb40   0x00000030   Code   RO         5227    i.adc1_tim6_getdata_4M  fft_handle.o
    0x0800bb70   0x0800bb70   0x000002b0   Code   RO         5301    i.analyzeWavePeaks  judge.o
    0x0800be20   0x0800be20   0x0000001c   Code   RO         5229    i.baseFreq_index    fft_handle.o
    0x0800be3c   0x0800be3c   0x0000003a   Code   RO           18    i.compare_wavepeak  main.o
    0x0800be76   0x0800be76   0x00000018   Code   RO         5910    i.fabs              m_wv.l(fabs.o)
    0x0800be8e   0x0800be8e   0x00000002   PAD
    0x0800be90   0x0800be90   0x0000001c   Code   RO          416    i.fputc             usart.o
    0x0800beac   0x0800beac   0x00000050   Code   RO         5863    i.free              mc_w.l(malloc.o)
    0x0800befc   0x0800befc   0x00000188   Code   RO           19    i.main              main.o
    0x0800c084   0x0800c084   0x0000006c   Code   RO         5864    i.malloc            mc_w.l(malloc.o)
    0x0800c0f0   0x0800c0f0   0x0000006a   Code   RO         5571    i.sqrt              m_wv.l(sqrt.o)
    0x0800c15a   0x0800c15a   0x00000138   Code   RO         5231    i.value_peak_corr   fft_handle.o
    0x0800c292   0x0800c292   0x00000002   PAD
    0x0800c294   0x0800c294   0x000000dc   Code   RO         5232    i.waveindex_get     fft_handle.o
    0x0800c370   0x0800c370   0x00000008   Data   RO         1828    .constdata          stm32h7xx_hal_dma.o
    0x0800c378   0x0800c378   0x00000018   Data   RO         4674    .constdata          stm32h7xx_hal_uart.o
    0x0800c390   0x0800c390   0x00000010   Data   RO         5045    .constdata          stm32h7xx_hal_uart_ex.o
    0x0800c3a0   0x0800c3a0   0x00000010   Data   RO         5155    .constdata          system_stm32h7xx.o
    0x0800c3b0   0x0800c3b0   0x00000088   Data   RO         5558    .constdata          m_wv.l(pow.o)
    0x0800c438   0x0800c438   0x00000030   Data   RO         5892    .constdata          m_wv.l(cos_i.o)
    0x0800c468   0x0800c468   0x00000008   Data   RO         5918    .constdata          m_wv.l(qnan.o)
    0x0800c470   0x0800c470   0x000000c8   Data   RO         5921    .constdata          m_wv.l(rred.o)
    0x0800c538   0x0800c538   0x00000028   Data   RO         5925    .constdata          m_wv.l(sin_i.o)
    0x0800c560   0x0800c560   0x00001f80   Data   RO         5485    .rodata.armBitRevIndexTable4096  arm_cortexM7lfsp_math.lib(arm_common_tables.o)
    0x0800e4e0   0x0800e4e0   0x00000010   Data   RO         5375    .rodata.arm_cfft_sR_f32_len4096  arm_cortexM7lfsp_math.lib(arm_const_structs.o)
    0x0800e4f0   0x0800e4f0   0x00008000   Data   RO         5458    .rodata.twiddleCoef_4096  arm_cortexM7lfsp_math.lib(arm_common_tables.o)
    0x080164f0   0x080164f0   0x00000020   Data   RO         5983    Region$$Table       anon$$obj.o


    Execution Region RW_IRAM1 (Exec base: 0x20000000, Load base: 0x08016510, Size: 0x00000000, Max: 0x00020000, ABSOLUTE)

    **** No section assigned to this execution region ****


    Execution Region RW_IRAM2 (Exec base: 0x24000000, Load base: 0x08016510, Size: 0x00012878, Max: 0x00080000, ABSOLUTE)

    Exec Addr    Load Addr    Size         Type   Attr      Idx    E Section Name        Object

    0x24000000   0x08016510   0x0000001c   Data   RW           21    .data               main.o
    0x2400001c   0x0801652c   0x00000009   Data   RW         2724    .data               stm32h7xx_hal.o
    0x24000025   0x08016535   0x00000003   PAD
    0x24000028   0x08016538   0x00000008   Data   RW         5156    .data               system_stm32h7xx.o
    0x24000030   0x08016540   0x00000004   Data   RW         5944    .data               mc_w.l(stdout.o)
    0x24000034   0x08016544   0x00000004   Data   RW         5955    .data               mc_w.l(mvars.o)
    0x24000038   0x08016548   0x00000004   Data   RW         5956    .data               mc_w.l(mvars.o)
    0x2400003c   0x0801654c   0x00000004   Data   RW         5960    .data               mc_w.l(errno.o)
    0x24000040        -       0x00012078   Zero   RW           20    .bss                main.o
    0x240120b8        -       0x000000dc   Zero   RW          290    .bss                adc.o
    0x24012194        -       0x0000004c   Zero   RW          374    .bss                tim.o
    0x240121e0        -       0x00000094   Zero   RW          417    .bss                usart.o
    0x24012274   0x08016550   0x00000004   PAD
    0x24012278        -       0x00000200   Zero   RW            2    HEAP                startup_stm32h743xx.o
    0x24012478        -       0x00000400   Zero   RW            1    STACK               startup_stm32h743xx.o


==============================================================================

Image component sizes


      Code (inc. data)   RO Data    RW Data    ZI Data      Debug   Object Name

       420         26          0          0        220       2039   adc.o
       284         40          0          0          0       1575   cfft_f32.o
        52          4          0          0          0        866   dma.o
       608         22          0          0          0       3458   fft_handle.o
        88          4          0          0          0        939   gpio.o
       688        212          0          0          0       1359   judge.o
       834        120          0         28      73848    1342021   main.o
        44         12        664          0       1536        832   startup_stm32h743xx.o
       292         58          0          9          0      24040   stm32h7xx_hal.o
      4312        312          0          0          0      80877   stm32h7xx_hal_adc.o
       570         30          0          0          0      67326   stm32h7xx_hal_adc_ex.o
       510         40          0          0          0      42209   stm32h7xx_hal_cortex.o
      8662        168          8          0          0      13246   stm32h7xx_hal_dma.o
       508         52          0          0          0       1572   stm32h7xx_hal_gpio.o
        36          4          0          0          0        918   stm32h7xx_hal_msp.o
        96          6          0          0          0        765   stm32h7xx_hal_pwr_ex.o
      3640        114          0          0          0       6968   stm32h7xx_hal_rcc.o
      8084        186          0          0          0      10879   stm32h7xx_hal_rcc_ex.o
       540         68          0          0          0       3430   stm32h7xx_hal_tim.o
       204         30          0          0          0       1508   stm32h7xx_hal_tim_ex.o
      5756        202         24          0          0      38298   stm32h7xx_hal_uart.o
       360         10         16          0          0       5498   stm32h7xx_hal_uart_ex.o
        82         18          0          0          0       5609   stm32h7xx_it.o
       332         46         16          8          0       1877   system_stm32h7xx.o
       124         16          0          0         76       1666   tim.o
       308         28          0          0        148       3646   usart.o
       104          8          0          0          0        666   window.o

    ----------------------------------------------------------------------
     37564       1836        760         48      75832    1664087   Object Totals
         0          0         32          0          0          0   (incl. Generated)
        26          0          0          3          4          0   (incl. Padding)

    ----------------------------------------------------------------------

      Code (inc. data)   RO Data    RW Data    ZI Data      Debug   Library Member Name

        76          0          0          0          0       1250   arm_bitreversal2.o
      1590          0          0          0          0       6236   arm_cfft_f32.o
      1316          8          0          0          0       4910   arm_cfft_radix8_f32.o
       312          0          0          0          0       2017   arm_cmplx_mag_f32.o
         0          0      40832          0          0       4961   arm_common_tables.o
         0          0         16          0          0       3830   arm_const_structs.o
       198          0          0          0          0       1321   arm_max_f32.o
       176         18          0          0          0        156   cos.o
       224         42         48          0          0        184   cos_i.o
       110         60          0          0          0        580   dunder.o
        24          0          0          0          0        124   fabs.o
        48          0          0          0          0        124   fpclassify.o
       112          0          0          0          0        116   poly.o
      2296        304        136          0          0        320   pow.o
         0          0          8          0          0          0   qnan.o
       784        138        200          0          0        172   rred.o
       168         24         40          0          0        196   sin_i.o
       208          0          0          0          0        280   sqrt.o
        58          0          0          0          0        136   sqrtf.o
         0          0          0          0          0          0   entry.o
         0          0          0          0          0          0   entry10a.o
         0          0          0          0          0          0   entry11a.o
         8          4          0          0          0          0   entry2.o
         4          0          0          0          0          0   entry5.o
         0          0          0          0          0          0   entry7b.o
         0          0          0          0          0          0   entry8b.o
         8          4          0          0          0          0   entry9a.o
        12          6          0          4          0         68   errno.o
        30          0          0          0          0          0   handlers.o
        36          8          0          0          0         68   init.o
         0          0          0          0          0          0   iusefp.o
        30          0          0          0          0         68   llshl.o
        36          0          0          0          0         68   llsshr.o
        32          0          0          0          0         68   llushr.o
       188         20          0          0          0        160   malloc.o
        36          0          0          0          0        108   memseta.o
         0          0          0          8          0          0   mvars.o
      2258         90          0          0          0        452   printfa.o
       156          0          0          0          0         88   qsort.o
         0          0          0          4          0          0   stdout.o
        44          0          0          0          0         80   uidiv.o
        98          0          0          0          0         92   uldiv.o
        48          0          0          0          0         68   cdrcmple.o
       334          0          0          0          0        148   dadd.o
       222          0          0          0          0        100   ddiv.o
       186          0          0          0          0        176   depilogue.o
        48          0          0          0          0         68   dfixul.o
       228          0          0          0          0         96   dmul.o
        46          0          0          0          0         80   dscalb.o

    ----------------------------------------------------------------------
     11804        726      41280         16          0      28969   Library Totals
        16          0          0          0          0          0   (incl. Padding)

    ----------------------------------------------------------------------

      Code (inc. data)   RO Data    RW Data    ZI Data      Debug   Library Name

      3492          8      40848          0          0      24525   arm_cortexM7lfsp_math.lib
      4208        586        432          0          0       2388   m_wv.l
      2976        132          0         16          0       1320   mc_w.l
      1112          0          0          0          0        736   mf_w.l

    ----------------------------------------------------------------------
     11804        726      41280         16          0      28969   Library Totals

    ----------------------------------------------------------------------

==============================================================================


      Code (inc. data)   RO Data    RW Data    ZI Data      Debug   

     49368       2562      42040         64      75832    1677056   Grand Totals
     49368       2562      42040         64      75832    1677056   ELF Image Totals
     49368       2562      42040         64          0          0   ROM Totals

==============================================================================

    Total RO  Size (Code + RO Data)                91408 (  89.27kB)
    Total RW  Size (RW Data + ZI Data)             75896 (  74.12kB)
    Total ROM Size (Code + RO Data + RW Data)      91472 (  89.33kB)

==============================================================================

