<html>
<body>
<pre>
<h1>µVision Build Log</h1>
<h2>Tool Versions:</h2>
IDE-Version: ¦ÌVision V5.39.0.0
Copyright (C) 2023 ARM Ltd and ARM Germany GmbH. All rights reserved.
License Information: z wjh1042938736@outlook.com, f, LIC=LSNXV-PBC6V-SBSEJ-UX8LP-1YVS2-PDVLQ
 
Tool Versions:
Toolchain:       MDK-ARM Plus  Version: 5.39.0.0
Toolchain Path:  C:\Keil_v5\ARM\ARMCC\Bin
C Compiler:      Armcc.exe V5.06 update 6 (build 750)
Assembler:       Armasm.exe V5.06 update 6 (build 750)
Linker/Locator:  ArmLink.exe V5.06 update 6 (build 750)
Library Manager: ArmAr.exe V5.06 update 6 (build 750)
Hex Converter:   FromElf.exe V5.06 update 6 (build 750)
CPU DLL:         SARMCM3.DLL V5.39.0.0
Dialog DLL:      DCM.DLL V1.17.5.0
Target DLL:      STLink\ST-LINKIII-KEIL_SWO.dll V3.2.0.0
Dialog DLL:      TCM.DLL V1.56.4.0
 
<h2>Project:</h2>
D:\cubemx\project\h743\2023h\MDK-ARM\2023h.uvprojx
Project File Date:  07/09/2025

<h2>Output:</h2>
*** Using Compiler 'V5.06 update 6 (build 750)', folder: 'C:\Keil_v5\ARM\ARMCC\Bin'
Build target '2023h'
compiling cfft_f32.c...
compiling judge.c...
..\user\scr\judge.c(8): warning:  #1035-D: single-precision operand implicitly converted to double-precision
      if(1 - rata < 0.01) {
..\user\scr\judge.c(20): warning:  #1035-D: single-precision operand implicitly converted to double-precision
      } else if(1 - rata > 0.15) {
..\user\scr\judge.c(25): warning:  #1035-D: single-precision operand implicitly converted to double-precision
      } else if(0.09 < 1 - rata && 1 - rata < 0.12) {
..\user\scr\judge.c(25): warning:  #1035-D: single-precision operand implicitly converted to double-precision
      } else if(0.09 < 1 - rata && 1 - rata < 0.12) {
..\user\scr\judge.c: 4 warnings, 0 errors
linking...
Program Size: Code=49368 RO-data=42040 RW-data=64 ZI-data=75832  
FromELF: creating hex file...
"2023h\2023h.axf" - 0 Error(s), 4 Warning(s).

<h2>Software Packages used:</h2>

Package Vendor: ARM
                https://www.keil.com/pack/ARM.CMSIS.6.2.0.pack
                ARM::CMSIS@6.2.0
                CMSIS (Common Microcontroller Software Interface Standard)
   * Component: CORE Version: 6.1.1

Package Vendor: Keil
                https://www.keil.com/pack/Keil.STM32H7xx_DFP.4.0.0.pack
                Keil::STM32H7xx_DFP@4.0.0
                STMicroelectronics STM32H7 Series Device Support

<h2>Collection of Component include folders:</h2>
  ./RTE/_2023h
  C:/Users/wjh10/AppData/Local/Arm/Packs/ARM/CMSIS/6.2.0/CMSIS/Core/Include

<h2>Collection of Component Files used:</h2>

   * Component: ARM::CMSIS:CORE@6.1.1
      Include file:  CMSIS/Core/Include/tz_context.h
Build Time Elapsed:  00:00:05
</pre>
</body>
</html>
